manifest: C:\Users\kvrlv\Projects\Codebook_AIDev\results\snapshots\07-21-repo-snapshot-manifest-480.csv (480 rows)
171 eligible row(s) (have a resolved commit)
resuming: 50 row(s) already done in C:\Users\kvrlv\Projects\Codebook_AIDev\results\analysis\07-28-smell-metrics-mlflowaspire-171.csv, skipping
  [row] (1/171) starting dotnet/aspire A1 2023-10-01 @1fecfe76
  [FAIL] (1/171) dotnet/aspire A1 2023-10-01 @1fecfe76: DESIGNITE_EXECUTABLE not set - install Designite and set the env var to its executable path before running without --dry-run.
  [row] (2/171) starting dotnet/aspire A1 2023-11-01 @ea5e3e51
  [FAIL] (2/171) dotnet/aspire A1 2023-11-01 @ea5e3e51: DESIGNITE_EXECUTABLE not set - install Designite and set the env var to its executable path before running without --dry-run.
  [row] (3/171) starting dotnet/aspire A1 2023-12-01 @b6fd5fd4
  [FAIL] (3/171) dotnet/aspire A1 2023-12-01 @b6fd5fd4: DESIGNITE_EXECUTABLE not set - install Designite and set the env var to its executable path before running without --dry-run.
  [row] (4/171) starting dotnet/aspire A1 2024-01-01 @46cc5293
  [FAIL] (4/171) dotnet/aspire A1 2024-01-01 @46cc5293: DESIGNITE_EXECUTABLE not set - install Designite and set the env var to its executable path before running without --dry-run.
  [row] (5/171) starting dotnet/aspire A1 2024-02-01 @5200ffcc
  [FAIL] (5/171) dotnet/aspire A1 2024-02-01 @5200ffcc: DESIGNITE_EXECUTABLE not set - install Designite and set the env var to its executable path before running without --dry-run.
  [row] (6/171) starting dotnet/aspire A1 2024-03-01 @4cd89285
  [FAIL] (6/171) dotnet/aspire A1 2024-03-01 @4cd89285: DESIGNITE_EXECUTABLE not set - install Designite and set the env var to its executable path before running without --dry-run.
  [row] (7/171) starting dotnet/aspire A1 2024-04-01 @9c4533e9
  [FAIL] (7/171) dotnet/aspire A1 2024-04-01 @9c4533e9: DESIGNITE_EXECUTABLE not set - install Designite and set the env var to its executable path before running without --dry-run.
  [row] (8/171) starting dotnet/aspire A1 2024-05-01 @e25cb52c
  [FAIL] (8/171) dotnet/aspire A1 2024-05-01 @e25cb52c: DESIGNITE_EXECUTABLE not set - install Designite and set the env var to its executable path before running without --dry-run.
  [row] (9/171) starting dotnet/aspire A1 2024-06-01 @67a1a760
  [FAIL] (9/171) dotnet/aspire A1 2024-06-01 @67a1a760: DESIGNITE_EXECUTABLE not set - install Designite and set the env var to its executable path before running without --dry-run.
  [row] (10/171) starting dotnet/aspire A1 2024-07-01 @c9adccfe
  [FAIL] (10/171) dotnet/aspire A1 2024-07-01 @c9adccfe: DESIGNITE_EXECUTABLE not set - install Designite and set the env var to its executable path before running without --dry-run.
  [row] (11/171) starting dotnet/aspire A1 2024-08-01 @232e434c
  [FAIL] (11/171) dotnet/aspire A1 2024-08-01 @232e434c: DESIGNITE_EXECUTABLE not set - install Designite and set the env var to its executable path before running without --dry-run.
  [row] (12/171) starting dotnet/aspire A1 2024-09-01 @84bd9f75
  [FAIL] (12/171) dotnet/aspire A1 2024-09-01 @84bd9f75: DESIGNITE_EXECUTABLE not set - install Designite and set the env var to its executable path before running without --dry-run.
  [row] (13/171) starting dotnet/aspire A1 2024-10-01 @31a2511b
  [FAIL] (13/171) dotnet/aspire A1 2024-10-01 @31a2511b: DESIGNITE_EXECUTABLE not set - install Designite and set the env var to its executable path before running without --dry-run.
  [row] (14/171) starting dotnet/aspire A1 2024-11-01 @8acffaf3
  [FAIL] (14/171) dotnet/aspire A1 2024-11-01 @8acffaf3: DESIGNITE_EXECUTABLE not set - install Designite and set the env var to its executable path before running without --dry-run.
  [row] (15/171) starting dotnet/aspire A1 2024-12-01 @d9a98262
  [FAIL] (15/171) dotnet/aspire A1 2024-12-01 @d9a98262: DESIGNITE_EXECUTABLE not set - install Designite and set the env var to its executable path before running without --dry-run.
  [row] (16/171) starting dotnet/aspire A1 2025-01-01 @89e329c9
  [FAIL] (16/171) dotnet/aspire A1 2025-01-01 @89e329c9: DESIGNITE_EXECUTABLE not set - install Designite and set the env var to its executable path before running without --dry-run.
  [row] (17/171) starting dotnet/aspire A1 2025-02-01 @855ebcba
  [FAIL] (17/171) dotnet/aspire A1 2025-02-01 @855ebcba: DESIGNITE_EXECUTABLE not set - install Designite and set the env var to its executable path before running without --dry-run.
  [row] (18/171) starting dotnet/aspire A1 2025-03-01 @862b817d
  [FAIL] (18/171) dotnet/aspire A1 2025-03-01 @862b817d: DESIGNITE_EXECUTABLE not set - install Designite and set the env var to its executable path before running without --dry-run.
  [row] (19/171) starting dotnet/aspire A1 2025-04-01 @1c65ede9
  [FAIL] (19/171) dotnet/aspire A1 2025-04-01 @1c65ede9: DESIGNITE_EXECUTABLE not set - install Designite and set the env var to its executable path before running without --dry-run.
  [row] (20/171) starting dotnet/aspire A1 2025-05-01 @935f06b1
  [FAIL] (20/171) dotnet/aspire A1 2025-05-01 @935f06b1: DESIGNITE_EXECUTABLE not set - install Designite and set the env var to its executable path before running without --dry-run.
  [row] (21/171) starting dotnet/aspire A1 2025-06-01 @faec2ac4
  [FAIL] (21/171) dotnet/aspire A1 2025-06-01 @faec2ac4: DESIGNITE_EXECUTABLE not set - install Designite and set the env var to its executable path before running without --dry-run.
  [row] (22/171) starting dotnet/aspire A1 2025-07-01 @98b3f12a
  [FAIL] (22/171) dotnet/aspire A1 2025-07-01 @98b3f12a: DESIGNITE_EXECUTABLE not set - install Designite and set the env var to its executable path before running without --dry-run.
  [row] (23/171) starting dotnet/aspire A1 2025-08-01 @8c9ad9df
  [FAIL] (23/171) dotnet/aspire A1 2025-08-01 @8c9ad9df: DESIGNITE_EXECUTABLE not set - install Designite and set the env var to its executable path before running without --dry-run.
  [row] (24/171) starting dotnet/aspire A1 2025-09-01 @7ef1702e
  [FAIL] (24/171) dotnet/aspire A1 2025-09-01 @7ef1702e: DESIGNITE_EXECUTABLE not set - install Designite and set the env var to its executable path before running without --dry-run.
  [row] (25/171) starting dotnet/aspire A1 2025-10-01 @17b63994
  [FAIL] (25/171) dotnet/aspire A1 2025-10-01 @17b63994: DESIGNITE_EXECUTABLE not set - install Designite and set the env var to its executable path before running without --dry-run.
  [row] (26/171) starting dotnet/aspire A1 2025-11-01 @11b8fe34
  [FAIL] (26/171) dotnet/aspire A1 2025-11-01 @11b8fe34: DESIGNITE_EXECUTABLE not set - install Designite and set the env var to its executable path before running without --dry-run.
  [row] (27/171) starting dotnet/aspire A1 2025-12-01 @44db7cb0
  [FAIL] (27/171) dotnet/aspire A1 2025-12-01 @44db7cb0: DESIGNITE_EXECUTABLE not set - install Designite and set the env var to its executable path before running without --dry-run.
  [row] (28/171) starting dotnet/aspire A1 2026-01-01 @28f53025
  [FAIL] (28/171) dotnet/aspire A1 2026-01-01 @28f53025: DESIGNITE_EXECUTABLE not set - install Designite and set the env var to its executable path before running without --dry-run.
  [row] (29/171) starting dotnet/aspire A1 2026-02-01 @af0e27eb
  [FAIL] (29/171) dotnet/aspire A1 2026-02-01 @af0e27eb: DESIGNITE_EXECUTABLE not set - install Designite and set the env var to its executable path before running without --dry-run.
  [row] (30/171) starting dotnet/aspire A1 2026-03-01 @ca3b88ed
  [FAIL] (30/171) dotnet/aspire A1 2026-03-01 @ca3b88ed: DESIGNITE_EXECUTABLE not set - install Designite and set the env var to its executable path before running without --dry-run.
  [row] (31/171) starting dotnet/aspire A2 2024-05-19 @90cd4b58
  [FAIL] (31/171) dotnet/aspire A2 2024-05-19 @90cd4b58: DESIGNITE_EXECUTABLE not set - install Designite and set the env var to its executable path before running without --dry-run.
  [row] (32/171) starting dotnet/aspire A2 2024-06-19 @faf26a87
  [FAIL] (32/171) dotnet/aspire A2 2024-06-19 @faf26a87: DESIGNITE_EXECUTABLE not set - install Designite and set the env var to its executable path before running without --dry-run.
  [row] (33/171) starting dotnet/aspire A2 2024-07-19 @ffb5d9d7
  [FAIL] (33/171) dotnet/aspire A2 2024-07-19 @ffb5d9d7: DESIGNITE_EXECUTABLE not set - install Designite and set the env var to its executable path before running without --dry-run.
  [row] (34/171) starting dotnet/aspire A2 2024-08-19 @734e8eec
  [FAIL] (34/171) dotnet/aspire A2 2024-08-19 @734e8eec: DESIGNITE_EXECUTABLE not set - install Designite and set the env var to its executable path before running without --dry-run.
  [row] (35/171) starting dotnet/aspire A2 2024-09-19 @3bcf24fe
  [FAIL] (35/171) dotnet/aspire A2 2024-09-19 @3bcf24fe: DESIGNITE_EXECUTABLE not set - install Designite and set the env var to its executable path before running without --dry-run.
  [row] (36/171) starting dotnet/aspire A2 2024-10-19 @5b04e349
  [FAIL] (36/171) dotnet/aspire A2 2024-10-19 @5b04e349: DESIGNITE_EXECUTABLE not set - install Designite and set the env var to its executable path before running without --dry-run.
  [row] (37/171) starting dotnet/aspire A2 2024-11-19 @18e1f594
  [FAIL] (37/171) dotnet/aspire A2 2024-11-19 @18e1f594: DESIGNITE_EXECUTABLE not set - install Designite and set the env var to its executable path before running without --dry-run.
  [row] (38/171) starting dotnet/aspire A2 2024-12-19 @bdf98dd7
  [FAIL] (38/171) dotnet/aspire A2 2024-12-19 @bdf98dd7: DESIGNITE_EXECUTABLE not set - install Designite and set the env var to its executable path before running without --dry-run.
  [row] (39/171) starting dotnet/aspire A2 2025-01-19 @adc401b1
  [FAIL] (39/171) dotnet/aspire A2 2025-01-19 @adc401b1: DESIGNITE_EXECUTABLE not set - install Designite and set the env var to its executable path before running without --dry-run.
  [row] (40/171) starting dotnet/aspire A2 2025-02-17 @acdf5012
  [FAIL] (40/171) dotnet/aspire A2 2025-02-17 @acdf5012: DESIGNITE_EXECUTABLE not set - install Designite and set the env var to its executable path before running without --dry-run.
  [row] (41/171) starting dotnet/aspire A2 2025-02-24 @f053112f
  [FAIL] (41/171) dotnet/aspire A2 2025-02-24 @f053112f: DESIGNITE_EXECUTABLE not set - install Designite and set the env var to its executable path before running without --dry-run.
  [row] (42/171) starting dotnet/aspire A2 2025-03-03 @c4062c95
  [FAIL] (42/171) dotnet/aspire A2 2025-03-03 @c4062c95: DESIGNITE_EXECUTABLE not set - install Designite and set the env var to its executable path before running without --dry-run.
  [row] (43/171) starting dotnet/aspire A2 2025-03-10 @c6903d21
  [FAIL] (43/171) dotnet/aspire A2 2025-03-10 @c6903d21: DESIGNITE_EXECUTABLE not set - install Designite and set the env var to its executable path before running without --dry-run.
  [row] (44/171) starting dotnet/aspire A2 2025-03-17 @1215759b
  [FAIL] (44/171) dotnet/aspire A2 2025-03-17 @1215759b: DESIGNITE_EXECUTABLE not set - install Designite and set the env var to its executable path before running without --dry-run.
  [row] (45/171) starting dotnet/aspire A2 2025-03-24 @4fdfdbf5
  [FAIL] (45/171) dotnet/aspire A2 2025-03-24 @4fdfdbf5: DESIGNITE_EXECUTABLE not set - install Designite and set the env var to its executable path before running without --dry-run.
  [row] (46/171) starting dotnet/aspire A2 2025-03-31 @a1dbbb66
  [FAIL] (46/171) dotnet/aspire A2 2025-03-31 @a1dbbb66: DESIGNITE_EXECUTABLE not set - install Designite and set the env var to its executable path before running without --dry-run.
  [row] (47/171) starting dotnet/aspire A2 2025-04-07 @4a9578ac
  [FAIL] (47/171) dotnet/aspire A2 2025-04-07 @4a9578ac: DESIGNITE_EXECUTABLE not set - install Designite and set the env var to its executable path before running without --dry-run.
  [row] (48/171) starting dotnet/aspire A2 2025-04-14 @dbd00265
  [FAIL] (48/171) dotnet/aspire A2 2025-04-14 @dbd00265: DESIGNITE_EXECUTABLE not set - install Designite and set the env var to its executable path before running without --dry-run.
  [row] (49/171) starting dotnet/aspire A2 2025-04-21 @1994993c
  [FAIL] (49/171) dotnet/aspire A2 2025-04-21 @1994993c: DESIGNITE_EXECUTABLE not set - install Designite and set the env var to its executable path before running without --dry-run.
  [row] (50/171) starting dotnet/aspire A2 2025-04-28 @4c8aaefc
  [FAIL] (50/171) dotnet/aspire A2 2025-04-28 @4c8aaefc: DESIGNITE_EXECUTABLE not set - install Designite and set the env var to its executable path before running without --dry-run.
  [row] (51/171) starting dotnet/aspire A2 2025-05-05 @3f8fcc1d
  [FAIL] (51/171) dotnet/aspire A2 2025-05-05 @3f8fcc1d: DESIGNITE_EXECUTABLE not set - install Designite and set the env var to its executable path before running without --dry-run.
  [row] (52/171) starting dotnet/aspire A2 2025-05-12 @1a5db901
  [FAIL] (52/171) dotnet/aspire A2 2025-05-12 @1a5db901: DESIGNITE_EXECUTABLE not set - install Designite and set the env var to its executable path before running without --dry-run.
  [row] (53/171) starting dotnet/aspire A2 2025-05-19 @6152b18c
  [FAIL] (53/171) dotnet/aspire A2 2025-05-19 @6152b18c: DESIGNITE_EXECUTABLE not set - install Designite and set the env var to its executable path before running without --dry-run.
  [row] (54/171) starting dotnet/aspire A2 2025-05-26 @d634e1fc
  [FAIL] (54/171) dotnet/aspire A2 2025-05-26 @d634e1fc: DESIGNITE_EXECUTABLE not set - install Designite and set the env var to its executable path before running without --dry-run.
  [row] (55/171) starting dotnet/aspire A2 2025-06-02 @35c7abbf
  [FAIL] (55/171) dotnet/aspire A2 2025-06-02 @35c7abbf: DESIGNITE_EXECUTABLE not set - install Designite and set the env var to its executable path before running without --dry-run.
  [row] (56/171) starting dotnet/aspire A2 2025-06-09 @d78b7a25
  [FAIL] (56/171) dotnet/aspire A2 2025-06-09 @d78b7a25: DESIGNITE_EXECUTABLE not set - install Designite and set the env var to its executable path before running without --dry-run.
  [row] (57/171) starting dotnet/aspire A2 2025-06-16 @a830b4ce
  [FAIL] (57/171) dotnet/aspire A2 2025-06-16 @a830b4ce: DESIGNITE_EXECUTABLE not set - install Designite and set the env var to its executable path before running without --dry-run.
  [row] (58/171) starting dotnet/aspire A2 2025-06-23 @71abddb8
  [FAIL] (58/171) dotnet/aspire A2 2025-06-23 @71abddb8: DESIGNITE_EXECUTABLE not set - install Designite and set the env var to its executable path before running without --dry-run.
  [row] (59/171) starting dotnet/aspire A2 2025-06-30 @cb9d231f
  [FAIL] (59/171) dotnet/aspire A2 2025-06-30 @cb9d231f: DESIGNITE_EXECUTABLE not set - install Designite and set the env var to its executable path before running without --dry-run.
  [row] (60/171) starting dotnet/aspire A2 2025-07-07 @853c9189
  [FAIL] (60/171) dotnet/aspire A2 2025-07-07 @853c9189: DESIGNITE_EXECUTABLE not set - install Designite and set the env var to its executable path before running without --dry-run.
  [row] (61/171) starting dotnet/aspire A2 2025-07-14 @67834701
  [FAIL] (61/171) dotnet/aspire A2 2025-07-14 @67834701: DESIGNITE_EXECUTABLE not set - install Designite and set the env var to its executable path before running without --dry-run.
  [row] (62/171) starting dotnet/aspire A2 2025-07-21 @2b59cc62
  [FAIL] (62/171) dotnet/aspire A2 2025-07-21 @2b59cc62: DESIGNITE_EXECUTABLE not set - install Designite and set the env var to its executable path before running without --dry-run.
  [row] (63/171) starting dotnet/aspire A2 2025-07-28 @979bc9df
  [FAIL] (63/171) dotnet/aspire A2 2025-07-28 @979bc9df: DESIGNITE_EXECUTABLE not set - install Designite and set the env var to its executable path before running without --dry-run.
  [row] (64/171) starting dotnet/aspire A2 2025-08-04 @dcb8b671
  [FAIL] (64/171) dotnet/aspire A2 2025-08-04 @dcb8b671: DESIGNITE_EXECUTABLE not set - install Designite and set the env var to its executable path before running without --dry-run.
  [row] (65/171) starting dotnet/aspire A2 2025-08-11 @831a7334
  [FAIL] (65/171) dotnet/aspire A2 2025-08-11 @831a7334: DESIGNITE_EXECUTABLE not set - install Designite and set the env var to its executable path before running without --dry-run.
  [row] (66/171) starting dotnet/aspire A2 2025-08-18 @97a4778e
  [FAIL] (66/171) dotnet/aspire A2 2025-08-18 @97a4778e: DESIGNITE_EXECUTABLE not set - install Designite and set the env var to its executable path before running without --dry-run.
  [row] (67/171) starting dotnet/aspire A2 2025-09-19 @9ab41623
  [FAIL] (67/171) dotnet/aspire A2 2025-09-19 @9ab41623: DESIGNITE_EXECUTABLE not set - install Designite and set the env var to its executable path before running without --dry-run.
  [row] (68/171) starting dotnet/aspire A2 2025-10-19 @fff89470
  [FAIL] (68/171) dotnet/aspire A2 2025-10-19 @fff89470: DESIGNITE_EXECUTABLE not set - install Designite and set the env var to its executable path before running without --dry-run.
  [row] (69/171) starting dotnet/aspire A2 2025-11-19 @91481d9b
  [FAIL] (69/171) dotnet/aspire A2 2025-11-19 @91481d9b: DESIGNITE_EXECUTABLE not set - install Designite and set the env var to its executable path before running without --dry-run.
  [row] (70/171) starting dotnet/aspire A2 2025-12-19 @4ae515ef
  [FAIL] (70/171) dotnet/aspire A2 2025-12-19 @4ae515ef: DESIGNITE_EXECUTABLE not set - install Designite and set the env var to its executable path before running without --dry-run.
  [row] (71/171) starting dotnet/aspire A2 2026-01-19 @aa8389c5
  [FAIL] (71/171) dotnet/aspire A2 2026-01-19 @aa8389c5: DESIGNITE_EXECUTABLE not set - install Designite and set the env var to its executable path before running without --dry-run.
  [row] (72/171) starting dotnet/aspire A2 2026-02-19 @dcddebab
  [FAIL] (72/171) dotnet/aspire A2 2026-02-19 @dcddebab: DESIGNITE_EXECUTABLE not set - install Designite and set the env var to its executable path before running without --dry-run.
  [row] (73/171) starting dotnet/aspire A2 2026-03-19 @2a24bf95
  [FAIL] (73/171) dotnet/aspire A2 2026-03-19 @2a24bf95: DESIGNITE_EXECUTABLE not set - install Designite and set the env var to its executable path before running without --dry-run.
  [row] (74/171) starting dotnet/aspire A2 2026-04-19 @80eca9ec
  [FAIL] (74/171) dotnet/aspire A2 2026-04-19 @80eca9ec: DESIGNITE_EXECUTABLE not set - install Designite and set the env var to its executable path before running without --dry-run.
  [row] (75/171) starting dotnet/aspire A2 2026-05-19 @afbba708
  [FAIL] (75/171) dotnet/aspire A2 2026-05-19 @afbba708: DESIGNITE_EXECUTABLE not set - install Designite and set the env var to its executable path before running without --dry-run.
  [row] (76/171) starting mlflow/mlflow A1 2022-01-01 @c0e0571d
    [dpy] 81 chunk(s) planned, 127172 total LOC
    [dpy] chunk 1/81 (893 LOC) done in 3.1s - ~4.1min left in this row
    [dpy] chunk 2/81 (484 LOC) done in 3.2s - ~4.2min left in this row
    [dpy] chunk 3/81 (6205 LOC) done in 3.7s - ~4.4min left in this row
    [dpy] chunk 4/81 (152 LOC) done in 3.5s - ~4.4min left in this row
    [dpy] chunk 5/81 (795 LOC) done in 3.2s - ~4.3min left in this row
    [dpy] chunk 6/81 (732 LOC) done in 2.9s - ~4.1min left in this row
    [dpy] chunk 7/81 (1277 LOC) done in 3.0s - ~4.0min left in this row
    [dpy] chunk 8/81 (725 LOC) done in 3.4s - ~4.0min left in this row
    [dpy] chunk 9/81 (436 LOC) done in 5.2s - ~4.2min left in this row
    [dpy] chunk 10/81 (1912 LOC) done in 2.9s - ~4.1min left in this row
    [dpy] chunk 11/81 (687 LOC) done in 3.2s - ~4.0min left in this row
    [dpy] chunk 12/81 (2236 LOC) done in 3.1s - ~3.9min left in this row
    [dpy] chunk 13/81 (6885 LOC) done in 3.6s - ~3.8min left in this row
    [dpy] chunk 14/81 (2290 LOC) done in 3.6s - ~3.8min left in this row
    [dpy] chunk 15/81 (1018 LOC) done in 4.2s - ~3.8min left in this row
    [dpy] chunk 16/81 (1385 LOC) done in 3.2s - ~3.7min left in this row
    [dpy] chunk 17/81 (129 LOC) done in 2.9s - ~3.6min left in this row
    [dpy] chunk 18/81 (2428 LOC) done in 3.1s - ~3.6min left in this row
    [dpy] chunk 19/81 (1252 LOC) done in 3.2s - ~3.5min left in this row
    [dpy] chunk 20/81 (2611 LOC) done in 3.1s - ~3.4min left in this row
    [dpy] chunk 21/81 (3006 LOC) done in 3.3s - ~3.4min left in this row
    [dpy] chunk 22/81 (201 LOC) done in 3.1s - ~3.3min left in this row
    [dpy] chunk 23/81 (837 LOC) done in 3.1s - ~3.2min left in this row
    [dpy] chunk 24/81 (18 LOC) done in 3.6s - ~3.2min left in this row
    [dpy] chunk 25/81 (1652 LOC) done in 3.1s - ~3.1min left in this row
    [dpy] chunk 26/81 (3293 LOC) done in 3.0s - ~3.1min left in this row
    [dpy] chunk 27/81 (9 LOC) done in 3.0s - ~3.0min left in this row
    [dpy] chunk 28/81 (1071 LOC) done in 3.5s - ~2.9min left in this row
    [dpy] chunk 29/81 (6453 LOC) done in 3.5s - ~2.9min left in this row
    [dpy] chunk 30/81 (711 LOC) done in 3.5s - ~2.8min left in this row
    [dpy] chunk 31/81 (2453 LOC) done in 4.3s - ~2.8min left in this row
    [dpy] chunk 32/81 (350 LOC) done in 2.9s - ~2.7min left in this row
    [dpy] chunk 33/81 (5745 LOC) done in 4.3s - ~2.7min left in this row
    [dpy] chunk 34/81 (748 LOC) done in 3.5s - ~2.6min left in this row
    [dpy] chunk 35/81 (6714 LOC) done in 4.2s - ~2.6min left in this row
    [dpy] chunk 36/81 (43 LOC) done in 4.3s - ~2.6min left in this row
    [dpy] chunk 37/81 (3687 LOC) done in 4.7s - ~2.5min left in this row
    [dpy] chunk 38/81 (1236 LOC) done in 4.8s - ~2.5min left in this row
    [dpy] chunk 39/81 (420 LOC) done in 4.5s - ~2.5min left in this row
    [dpy] chunk 40/81 (56 LOC) done in 4.6s - ~2.4min left in this row
    [dpy] chunk 41/81 (27 LOC) done in 4.5s - ~2.4min left in this row
    [dpy] chunk 42/81 (225 LOC) done in 4.8s - ~2.3min left in this row
    [dpy] chunk 43/81 (303 LOC) done in 4.3s - ~2.3min left in this row
    [dpy] chunk 44/81 (830 LOC) done in 4.6s - ~2.2min left in this row
    [dpy] chunk 45/81 (191 LOC) done in 4.6s - ~2.2min left in this row
    [dpy] chunk 46/81 (824 LOC) done in 4.7s - ~2.2min left in this row
    [dpy] chunk 47/81 (546 LOC) done in 5.1s - ~2.1min left in this row
    [dpy] chunk 48/81 (331 LOC) done in 5.0s - ~2.1min left in this row
    [dpy] chunk 49/81 (38 LOC) done in 4.0s - ~2.0min left in this row
    [dpy] chunk 50/81 (1219 LOC) done in 4.2s - ~1.9min left in this row
    [dpy] chunk 51/81 (1091 LOC) done in 3.6s - ~1.9min left in this row
    [dpy] chunk 52/81 (191 LOC) done in 3.7s - ~1.8min left in this row
    [dpy] chunk 53/81 (1527 LOC) done in 6.2s - ~1.8min left in this row
    [dpy] chunk 54/81 (639 LOC) done in 3.5s - ~1.7min left in this row
    [dpy] chunk 55/81 (652 LOC) done in 3.7s - ~1.6min left in this row
    [dpy] chunk 56/81 (2617 LOC) done in 4.9s - ~1.6min left in this row
    [dpy] chunk 57/81 (410 LOC) done in 3.6s - ~1.5min left in this row
    [dpy] chunk 58/81 (548 LOC) done in 4.2s - ~1.5min left in this row
    [dpy] chunk 59/81 (2807 LOC) done in 5.7s - ~1.4min left in this row
    [dpy] chunk 60/81 (109 LOC) done in 4.0s - ~1.3min left in this row
    [dpy] chunk 61/81 (1650 LOC) done in 3.8s - ~1.3min left in this row
    [dpy] chunk 62/81 (675 LOC) done in 5.5s - ~1.2min left in this row
    [dpy] chunk 63/81 (3122 LOC) done in 4.1s - ~1.2min left in this row
    [dpy] chunk 64/81 (741 LOC) done in 2.8s - ~1.1min left in this row
    [dpy] chunk 65/81 (583 LOC) done in 3.7s - ~1.0min left in this row
    [dpy] chunk 66/81 (2552 LOC) done in 3.9s - ~1.0min left in this row
    [dpy] chunk 67/81 (453 LOC) done in 2.6s - ~0.9min left in this row
    [dpy] chunk 68/81 (2291 LOC) done in 3.9s - ~0.8min left in this row
    [dpy] chunk 69/81 (849 LOC) done in 2.9s - ~0.8min left in this row
    [dpy] chunk 70/81 (4928 LOC) done in 4.3s - ~0.7min left in this row
    [dpy] chunk 71/81 (80 LOC) done in 3.4s - ~0.6min left in this row
    [dpy] chunk 72/81 (1654 LOC) done in 3.6s - ~0.6min left in this row
    [dpy] chunk 73/81 (3963 LOC) done in 4.0s - ~0.5min left in this row
    [dpy] chunk 74/81 (48 LOC) done in 3.3s - ~0.4min left in this row
    [dpy] chunk 75/81 (1868 LOC) done in 3.9s - ~0.4min left in this row
    [dpy] chunk 76/81 (6154 LOC) done in 6.5s - ~0.3min left in this row
    [dpy] chunk 77/81 (491 LOC) done in 3.7s - ~0.3min left in this row
    [dpy] chunk 78/81 (3987 LOC) done in 4.9s - ~0.2min left in this row
    [dpy] chunk 79/81 (1128 LOC) done in 3.9s - ~0.1min left in this row
    [dpy] chunk 80/81 (1334 LOC) done in 5.5s - ~0.1min left in this row
    [dpy] chunk 81/81 (261 LOC) done in 3.7s - ~0.0min left in this row
  [ok] (76/171) mlflow/mlflow A1 2022-01-01 @c0e0571d
  [row] (77/171) starting mlflow/mlflow A1 2022-02-01 @a1faae7c
    [dpy] 81 chunk(s) planned, 129653 total LOC
    [dpy] chunk 1/81 (893 LOC) done in 3.2s - ~4.3min left in this row
    [dpy] chunk 2/81 (484 LOC) done in 4.7s - ~5.2min left in this row
    [dpy] chunk 3/81 (6145 LOC) done in 3.8s - ~5.1min left in this row
    [dpy] chunk 4/81 (152 LOC) done in 3.3s - ~4.8min left in this row
    [dpy] chunk 5/81 (795 LOC) done in 3.6s - ~4.7min left in this row
    [dpy] chunk 6/81 (732 LOC) done in 3.4s - ~4.6min left in this row
    [dpy] chunk 7/81 (1277 LOC) done in 3.5s - ~4.5min left in this row
    [dpy] chunk 8/81 (727 LOC) done in 3.3s - ~4.4min left in this row
    [dpy] chunk 9/81 (438 LOC) done in 3.8s - ~4.3min left in this row
    [dpy] chunk 10/81 (3160 LOC) done in 4.5s - ~4.4min left in this row
    [dpy] chunk 11/81 (689 LOC) done in 4.5s - ~4.4min left in this row
    [dpy] chunk 12/81 (2236 LOC) done in 3.6s - ~4.3min left in this row
    [dpy] chunk 13/81 (6885 LOC) done in 3.9s - ~4.3min left in this row
    [dpy] chunk 14/81 (2292 LOC) done in 3.9s - ~4.2min left in this row
    [dpy] chunk 15/81 (1018 LOC) done in 4.0s - ~4.2min left in this row
    [dpy] chunk 16/81 (1387 LOC) done in 3.9s - ~4.1min left in this row
    [dpy] chunk 17/81 (129 LOC) done in 3.9s - ~4.1min left in this row
    [dpy] chunk 18/81 (2428 LOC) done in 2.7s - ~3.9min left in this row
    [dpy] chunk 19/81 (1252 LOC) done in 3.2s - ~3.8min left in this row
    [dpy] chunk 20/81 (2672 LOC) done in 3.1s - ~3.8min left in this row
    [dpy] chunk 21/81 (3026 LOC) done in 4.2s - ~3.7min left in this row
    [dpy] chunk 22/81 (201 LOC) done in 2.7s - ~3.6min left in this row
    [dpy] chunk 23/81 (860 LOC) done in 3.4s - ~3.5min left in this row
    [dpy] chunk 24/81 (18 LOC) done in 3.5s - ~3.5min left in this row
    [dpy] chunk 25/81 (1651 LOC) done in 3.2s - ~3.4min left in this row
    [dpy] chunk 26/81 (3293 LOC) done in 3.8s - ~3.3min left in this row
    [dpy] chunk 27/81 (9 LOC) done in 3.6s - ~3.3min left in this row
    [dpy] chunk 28/81 (1073 LOC) done in 3.1s - ~3.2min left in this row
    [dpy] chunk 29/81 (6484 LOC) done in 3.6s - ~3.1min left in this row
    [dpy] chunk 30/81 (661 LOC) done in 2.6s - ~3.1min left in this row
    [dpy] chunk 31/81 (2453 LOC) done in 3.3s - ~3.0min left in this row
    [dpy] chunk 32/81 (350 LOC) done in 4.1s - ~2.9min left in this row
    [dpy] chunk 33/81 (5769 LOC) done in 3.8s - ~2.9min left in this row
    [dpy] chunk 34/81 (750 LOC) done in 3.3s - ~2.8min left in this row
    [dpy] chunk 35/81 (6743 LOC) done in 3.7s - ~2.8min left in this row
    [dpy] chunk 36/81 (43 LOC) done in 2.7s - ~2.7min left in this row
    [dpy] chunk 37/81 (3687 LOC) done in 3.5s - ~2.6min left in this row
    [dpy] chunk 38/81 (1236 LOC) done in 3.4s - ~2.6min left in this row
    [dpy] chunk 39/81 (421 LOC) done in 3.6s - ~2.5min left in this row
    [dpy] chunk 40/81 (31 LOC) done in 3.1s - ~2.4min left in this row
    [dpy] chunk 41/81 (109 LOC) done in 3.2s - ~2.4min left in this row
    [dpy] chunk 42/81 (225 LOC) done in 3.8s - ~2.3min left in this row
    [dpy] chunk 43/81 (303 LOC) done in 3.6s - ~2.3min left in this row
    [dpy] chunk 44/81 (830 LOC) done in 2.3s - ~2.2min left in this row
    [dpy] chunk 45/81 (192 LOC) done in 2.9s - ~2.1min left in this row
    [dpy] chunk 46/81 (825 LOC) done in 3.0s - ~2.0min left in this row
    [dpy] chunk 47/81 (547 LOC) done in 3.1s - ~2.0min left in this row
    [dpy] chunk 48/81 (332 LOC) done in 3.3s - ~1.9min left in this row
    [dpy] chunk 49/81 (38 LOC) done in 3.3s - ~1.9min left in this row
    [dpy] chunk 50/81 (1220 LOC) done in 3.8s - ~1.8min left in this row
    [dpy] chunk 51/81 (1121 LOC) done in 3.3s - ~1.7min left in this row
    [dpy] chunk 52/81 (209 LOC) done in 3.1s - ~1.7min left in this row
    [dpy] chunk 53/81 (2360 LOC) done in 3.9s - ~1.6min left in this row
    [dpy] chunk 54/81 (640 LOC) done in 3.1s - ~1.6min left in this row
    [dpy] chunk 55/81 (655 LOC) done in 3.7s - ~1.5min left in this row
    [dpy] chunk 56/81 (2617 LOC) done in 4.3s - ~1.5min left in this row
    [dpy] chunk 57/81 (411 LOC) done in 3.6s - ~1.4min left in this row
    [dpy] chunk 58/81 (548 LOC) done in 3.3s - ~1.3min left in this row
    [dpy] chunk 59/81 (2808 LOC) done in 4.5s - ~1.3min left in this row
    [dpy] chunk 60/81 (109 LOC) done in 3.0s - ~1.2min left in this row
    [dpy] chunk 61/81 (1651 LOC) done in 3.0s - ~1.2min left in this row
    [dpy] chunk 62/81 (678 LOC) done in 3.4s - ~1.1min left in this row
    [dpy] chunk 63/81 (3122 LOC) done in 4.3s - ~1.1min left in this row
    [dpy] chunk 64/81 (741 LOC) done in 3.0s - ~1.0min left in this row
    [dpy] chunk 65/81 (581 LOC) done in 3.5s - ~0.9min left in this row
    [dpy] chunk 66/81 (2553 LOC) done in 4.9s - ~0.9min left in this row
    [dpy] chunk 67/81 (456 LOC) done in 3.3s - ~0.8min left in this row
    [dpy] chunk 68/81 (2291 LOC) done in 3.4s - ~0.8min left in this row
    [dpy] chunk 69/81 (850 LOC) done in 3.1s - ~0.7min left in this row
    [dpy] chunk 70/81 (5032 LOC) done in 4.1s - ~0.6min left in this row
    [dpy] chunk 71/81 (80 LOC) done in 2.8s - ~0.6min left in this row
    [dpy] chunk 72/81 (1696 LOC) done in 3.2s - ~0.5min left in this row
    [dpy] chunk 73/81 (3963 LOC) done in 4.8s - ~0.5min left in this row
    [dpy] chunk 74/81 (48 LOC) done in 2.9s - ~0.4min left in this row
    [dpy] chunk 75/81 (1869 LOC) done in 3.8s - ~0.4min left in this row
    [dpy] chunk 76/81 (6188 LOC) done in 4.1s - ~0.3min left in this row
    [dpy] chunk 77/81 (489 LOC) done in 3.2s - ~0.2min left in this row
    [dpy] chunk 78/81 (3992 LOC) done in 3.9s - ~0.2min left in this row
    [dpy] chunk 79/81 (1129 LOC) done in 3.4s - ~0.1min left in this row
    [dpy] chunk 80/81 (1334 LOC) done in 2.9s - ~0.1min left in this row
    [dpy] chunk 81/81 (261 LOC) done in 3.2s - ~0.0min left in this row
  [ok] (77/171) mlflow/mlflow A1 2022-02-01 @a1faae7c
  [row] (78/171) starting mlflow/mlflow A1 2022-03-01 @a65f31b8
    [dpy] 82 chunk(s) planned, 134246 total LOC
    [dpy] chunk 1/82 (918 LOC) done in 2.9s - ~3.8min left in this row
    [dpy] chunk 2/82 (485 LOC) done in 3.0s - ~3.9min left in this row
    [dpy] chunk 3/82 (6244 LOC) done in 4.2s - ~4.4min left in this row
    [dpy] chunk 4/82 (152 LOC) done in 2.5s - ~4.1min left in this row
    [dpy] chunk 5/82 (795 LOC) done in 3.6s - ~4.2min left in this row
    [dpy] chunk 6/82 (755 LOC) done in 3.7s - ~4.2min left in this row
    [dpy] chunk 7/82 (1277 LOC) done in 2.9s - ~4.1min left in this row
    [dpy] chunk 8/82 (736 LOC) done in 3.3s - ~4.0min left in this row
    [dpy] chunk 9/82 (447 LOC) done in 3.1s - ~4.0min left in this row
    [dpy] chunk 10/82 (3317 LOC) done in 4.0s - ~4.0min left in this row
    [dpy] chunk 11/82 (698 LOC) done in 3.2s - ~3.9min left in this row
    [dpy] chunk 12/82 (2238 LOC) done in 2.9s - ~3.8min left in this row
    [dpy] chunk 13/82 (6885 LOC) done in 2.8s - ~3.7min left in this row
    [dpy] chunk 14/82 (2339 LOC) done in 3.2s - ~3.7min left in this row
    [dpy] chunk 15/82 (1021 LOC) done in 3.3s - ~3.6min left in this row
    [dpy] chunk 16/82 (1407 LOC) done in 3.2s - ~3.6min left in this row
    [dpy] chunk 17/82 (129 LOC) done in 2.4s - ~3.5min left in this row
    [dpy] chunk 18/82 (3217 LOC) done in 2.7s - ~3.4min left in this row
    [dpy] chunk 19/82 (1392 LOC) done in 3.1s - ~3.3min left in this row
    [dpy] chunk 20/82 (2687 LOC) done in 3.1s - ~3.3min left in this row
    [dpy] chunk 21/82 (2928 LOC) done in 3.3s - ~3.2min left in this row
    [dpy] chunk 22/82 (201 LOC) done in 2.7s - ~3.1min left in this row
    [dpy] chunk 23/82 (860 LOC) done in 3.7s - ~3.1min left in this row
    [dpy] chunk 24/82 (18 LOC) done in 2.8s - ~3.1min left in this row
    [dpy] chunk 25/82 (1651 LOC) done in 3.0s - ~3.0min left in this row
    [dpy] chunk 26/82 (3297 LOC) done in 3.6s - ~3.0min left in this row
    [dpy] chunk 27/82 (9 LOC) done in 2.7s - ~2.9min left in this row
    [dpy] chunk 28/82 (1082 LOC) done in 2.9s - ~2.8min left in this row
    [dpy] chunk 29/82 (6498 LOC) done in 3.4s - ~2.8min left in this row
    [dpy] chunk 30/82 (661 LOC) done in 2.9s - ~2.7min left in this row
    [dpy] chunk 31/82 (2470 LOC) done in 3.0s - ~2.7min left in this row
    [dpy] chunk 32/82 (350 LOC) done in 3.2s - ~2.6min left in this row
    [dpy] chunk 33/82 (5839 LOC) done in 3.4s - ~2.6min left in this row
    [dpy] chunk 34/82 (766 LOC) done in 2.5s - ~2.5min left in this row
    [dpy] chunk 35/82 (7214 LOC) done in 4.4s - ~2.5min left in this row
    [dpy] chunk 36/82 (43 LOC) done in 3.3s - ~2.4min left in this row
    [dpy] chunk 37/82 (3688 LOC) done in 3.5s - ~2.4min left in this row
    [dpy] chunk 38/82 (1236 LOC) done in 3.3s - ~2.3min left in this row
    [dpy] chunk 39/82 (421 LOC) done in 2.8s - ~2.3min left in this row
    [dpy] chunk 40/82 (31 LOC) done in 3.3s - ~2.2min left in this row
    [dpy] chunk 41/82 (112 LOC) done in 3.0s - ~2.2min left in this row
    [dpy] chunk 42/82 (233 LOC) done in 3.3s - ~2.1min left in this row
    [dpy] chunk 43/82 (303 LOC) done in 2.5s - ~2.1min left in this row
    [dpy] chunk 44/82 (830 LOC) done in 4.0s - ~2.0min left in this row
    [dpy] chunk 45/82 (193 LOC) done in 3.8s - ~2.0min left in this row
    [dpy] chunk 46/82 (838 LOC) done in 2.7s - ~1.9min left in this row
    [dpy] chunk 47/82 (574 LOC) done in 2.6s - ~1.8min left in this row
    [dpy] chunk 48/82 (332 LOC) done in 2.8s - ~1.8min left in this row
    [dpy] chunk 49/82 (38 LOC) done in 2.7s - ~1.7min left in this row
    [dpy] chunk 50/82 (1237 LOC) done in 4.1s - ~1.7min left in this row
    [dpy] chunk 51/82 (1150 LOC) done in 3.4s - ~1.6min left in this row
    [dpy] chunk 52/82 (209 LOC) done in 2.9s - ~1.6min left in this row
    [dpy] chunk 53/82 (2576 LOC) done in 3.6s - ~1.5min left in this row
    [dpy] chunk 54/82 (640 LOC) done in 3.9s - ~1.5min left in this row
    [dpy] chunk 55/82 (667 LOC) done in 3.1s - ~1.4min left in this row
    [dpy] chunk 56/82 (421 LOC) done in 2.9s - ~1.4min left in this row
    [dpy] chunk 57/82 (2617 LOC) done in 3.5s - ~1.3min left in this row
    [dpy] chunk 58/82 (411 LOC) done in 3.5s - ~1.3min left in this row
    [dpy] chunk 59/82 (548 LOC) done in 2.7s - ~1.2min left in this row
    [dpy] chunk 60/82 (2925 LOC) done in 3.6s - ~1.2min left in this row
    [dpy] chunk 61/82 (109 LOC) done in 2.9s - ~1.1min left in this row
    [dpy] chunk 62/82 (1668 LOC) done in 4.2s - ~1.1min left in this row
    [dpy] chunk 63/82 (681 LOC) done in 3.3s - ~1.0min left in this row
    [dpy] chunk 64/82 (4467 LOC) done in 4.4s - ~1.0min left in this row
    [dpy] chunk 65/82 (741 LOC) done in 2.7s - ~0.9min left in this row
    [dpy] chunk 66/82 (581 LOC) done in 3.5s - ~0.9min left in this row
    [dpy] chunk 67/82 (2566 LOC) done in 3.3s - ~0.8min left in this row
    [dpy] chunk 68/82 (456 LOC) done in 3.0s - ~0.8min left in this row
    [dpy] chunk 69/82 (2315 LOC) done in 3.8s - ~0.7min left in this row
    [dpy] chunk 70/82 (862 LOC) done in 3.0s - ~0.6min left in this row
    [dpy] chunk 71/82 (5256 LOC) done in 3.9s - ~0.6min left in this row
    [dpy] chunk 72/82 (80 LOC) done in 3.3s - ~0.5min left in this row
    [dpy] chunk 73/82 (1696 LOC) done in 3.3s - ~0.5min left in this row
    [dpy] chunk 74/82 (3967 LOC) done in 3.7s - ~0.4min left in this row
    [dpy] chunk 75/82 (48 LOC) done in 2.5s - ~0.4min left in this row
    [dpy] chunk 76/82 (1882 LOC) done in 3.2s - ~0.3min left in this row
    [dpy] chunk 77/82 (6346 LOC) done in 3.6s - ~0.3min left in this row
    [dpy] chunk 78/82 (489 LOC) done in 2.6s - ~0.2min left in this row
    [dpy] chunk 79/82 (4008 LOC) done in 4.5s - ~0.2min left in this row
    [dpy] chunk 80/82 (1171 LOC) done in 3.4s - ~0.1min left in this row
    [dpy] chunk 81/82 (1339 LOC) done in 3.4s - ~0.1min left in this row
    [dpy] chunk 82/82 (262 LOC) done in 2.5s - ~0.0min left in this row
  [ok] (78/171) mlflow/mlflow A1 2022-03-01 @a65f31b8
  [row] (79/171) starting mlflow/mlflow A1 2022-04-01 @74e94b19
    [dpy] 82 chunk(s) planned, 138749 total LOC
    [dpy] chunk 1/82 (918 LOC) done in 2.7s - ~3.7min left in this row
    [dpy] chunk 2/82 (487 LOC) done in 4.0s - ~4.5min left in this row
    [dpy] chunk 3/82 (6428 LOC) done in 5.0s - ~5.1min left in this row
    [dpy] chunk 4/82 (152 LOC) done in 3.0s - ~4.8min left in this row
    [dpy] chunk 5/82 (795 LOC) done in 3.4s - ~4.7min left in this row
    [dpy] chunk 6/82 (755 LOC) done in 2.7s - ~4.4min left in this row
    [dpy] chunk 7/82 (1277 LOC) done in 3.7s - ~4.4min left in this row
    [dpy] chunk 8/82 (758 LOC) done in 3.6s - ~4.3min left in this row
    [dpy] chunk 9/82 (466 LOC) done in 3.2s - ~4.2min left in this row
    [dpy] chunk 10/82 (3675 LOC) done in 3.9s - ~4.2min left in this row
    [dpy] chunk 11/82 (715 LOC) done in 3.0s - ~4.1min left in this row
    [dpy] chunk 12/82 (2246 LOC) done in 3.5s - ~4.0min left in this row
    [dpy] chunk 13/82 (6885 LOC) done in 3.4s - ~4.0min left in this row
    [dpy] chunk 14/82 (2808 LOC) done in 4.1s - ~4.0min left in this row
    [dpy] chunk 15/82 (1047 LOC) done in 3.9s - ~3.9min left in this row
    [dpy] chunk 16/82 (1475 LOC) done in 3.6s - ~3.9min left in this row
    [dpy] chunk 17/82 (137 LOC) done in 2.6s - ~3.8min left in this row
    [dpy] chunk 18/82 (3217 LOC) done in 3.2s - ~3.7min left in this row
    [dpy] chunk 19/82 (1392 LOC) done in 3.4s - ~3.6min left in this row
    [dpy] chunk 20/82 (2705 LOC) done in 2.8s - ~3.5min left in this row
    [dpy] chunk 21/82 (2958 LOC) done in 4.1s - ~3.5min left in this row
    [dpy] chunk 22/82 (201 LOC) done in 3.8s - ~3.5min left in this row
    [dpy] chunk 23/82 (886 LOC) done in 4.6s - ~3.5min left in this row
    [dpy] chunk 24/82 (18 LOC) done in 3.8s - ~3.4min left in this row
    [dpy] chunk 25/82 (1651 LOC) done in 4.6s - ~3.4min left in this row
    [dpy] chunk 26/82 (3301 LOC) done in 5.7s - ~3.4min left in this row
    [dpy] chunk 27/82 (9 LOC) done in 3.8s - ~3.4min left in this row
    [dpy] chunk 28/82 (1218 LOC) done in 4.3s - ~3.3min left in this row
    [dpy] chunk 29/82 (6743 LOC) done in 4.4s - ~3.3min left in this row
    [dpy] chunk 30/82 (660 LOC) done in 5.1s - ~3.3min left in this row
    [dpy] chunk 31/82 (2470 LOC) done in 4.0s - ~3.2min left in this row
    [dpy] chunk 32/82 (350 LOC) done in 3.2s - ~3.1min left in this row
    [dpy] chunk 33/82 (6103 LOC) done in 3.7s - ~3.1min left in this row
    [dpy] chunk 34/82 (799 LOC) done in 2.9s - ~3.0min left in this row
    [dpy] chunk 35/82 (7466 LOC) done in 3.5s - ~2.9min left in this row
    [dpy] chunk 36/82 (89 LOC) done in 2.9s - ~2.8min left in this row
    [dpy] chunk 37/82 (3688 LOC) done in 3.6s - ~2.8min left in this row
    [dpy] chunk 38/82 (1236 LOC) done in 3.4s - ~2.7min left in this row
    [dpy] chunk 39/82 (434 LOC) done in 3.4s - ~2.6min left in this row
    [dpy] chunk 40/82 (31 LOC) done in 3.1s - ~2.6min left in this row
    [dpy] chunk 41/82 (217 LOC) done in 3.3s - ~2.5min left in this row
    [dpy] chunk 42/82 (233 LOC) done in 4.7s - ~2.5min left in this row
    [dpy] chunk 43/82 (303 LOC) done in 4.0s - ~2.4min left in this row
    [dpy] chunk 44/82 (830 LOC) done in 3.7s - ~2.3min left in this row
    [dpy] chunk 45/82 (200 LOC) done in 3.2s - ~2.3min left in this row
    [dpy] chunk 46/82 (851 LOC) done in 4.3s - ~2.2min left in this row
    [dpy] chunk 47/82 (588 LOC) done in 4.1s - ~2.2min left in this row
    [dpy] chunk 48/82 (346 LOC) done in 3.4s - ~2.1min left in this row
    [dpy] chunk 49/82 (38 LOC) done in 3.2s - ~2.0min left in this row
    [dpy] chunk 50/82 (1251 LOC) done in 5.2s - ~2.0min left in this row
    [dpy] chunk 51/82 (1163 LOC) done in 3.5s - ~1.9min left in this row
    [dpy] chunk 52/82 (210 LOC) done in 4.6s - ~1.9min left in this row
    [dpy] chunk 53/82 (2992 LOC) done in 4.9s - ~1.8min left in this row
    [dpy] chunk 54/82 (654 LOC) done in 2.9s - ~1.7min left in this row
    [dpy] chunk 55/82 (683 LOC) done in 3.4s - ~1.7min left in this row
    [dpy] chunk 56/82 (434 LOC) done in 4.1s - ~1.6min left in this row
    [dpy] chunk 57/82 (2672 LOC) done in 6.0s - ~1.6min left in this row
    [dpy] chunk 58/82 (424 LOC) done in 5.7s - ~1.5min left in this row
    [dpy] chunk 59/82 (548 LOC) done in 1.8s - ~1.4min left in this row
    [dpy] chunk 60/82 (3236 LOC) done in 2.4s - ~1.4min left in this row
    [dpy] chunk 61/82 (144 LOC) done in 1.9s - ~1.3min left in this row
    [dpy] chunk 62/82 (1754 LOC) done in 1.8s - ~1.2min left in this row
    [dpy] chunk 63/82 (721 LOC) done in 1.8s - ~1.2min left in this row
    [dpy] chunk 64/82 (4467 LOC) done in 2.1s - ~1.1min left in this row
    [dpy] chunk 65/82 (741 LOC) done in 1.8s - ~1.0min left in this row
    [dpy] chunk 66/82 (598 LOC) done in 1.7s - ~1.0min left in this row
    [dpy] chunk 67/82 (2576 LOC) done in 1.7s - ~0.9min left in this row
    [dpy] chunk 68/82 (477 LOC) done in 1.6s - ~0.8min left in this row
    [dpy] chunk 69/82 (2390 LOC) done in 1.9s - ~0.8min left in this row
    [dpy] chunk 70/82 (876 LOC) done in 1.7s - ~0.7min left in this row
    [dpy] chunk 71/82 (5280 LOC) done in 2.0s - ~0.6min left in this row
    [dpy] chunk 72/82 (80 LOC) done in 1.5s - ~0.6min left in this row
    [dpy] chunk 73/82 (1696 LOC) done in 1.7s - ~0.5min left in this row
    [dpy] chunk 74/82 (4047 LOC) done in 2.3s - ~0.5min left in this row
    [dpy] chunk 75/82 (48 LOC) done in 1.4s - ~0.4min left in this row
    [dpy] chunk 76/82 (2164 LOC) done in 1.9s - ~0.3min left in this row
    [dpy] chunk 77/82 (6719 LOC) done in 2.1s - ~0.3min left in this row
    [dpy] chunk 78/82 (489 LOC) done in 1.6s - ~0.2min left in this row
    [dpy] chunk 79/82 (4113 LOC) done in 1.9s - ~0.2min left in this row
    [dpy] chunk 80/82 (1208 LOC) done in 1.6s - ~0.1min left in this row
    [dpy] chunk 81/82 (1354 LOC) done in 1.6s - ~0.1min left in this row
    [dpy] chunk 82/82 (285 LOC) done in 1.4s - ~0.0min left in this row
  [ok] (79/171) mlflow/mlflow A1 2022-04-01 @74e94b19
  [row] (80/171) starting mlflow/mlflow A1 2022-05-01 @d0d307f7
    [dpy] 86 chunk(s) planned, 145451 total LOC
    [dpy] chunk 1/86 (918 LOC) done in 1.3s - ~1.9min left in this row
    [dpy] chunk 2/86 (487 LOC) done in 1.3s - ~1.8min left in this row
    [dpy] chunk 3/86 (6691 LOC) done in 1.9s - ~2.1min left in this row
    [dpy] chunk 4/86 (59 LOC) done in 1.4s - ~2.0min left in this row
    [dpy] chunk 5/86 (152 LOC) done in 1.2s - ~1.9min left in this row
    [dpy] chunk 6/86 (795 LOC) done in 1.5s - ~1.9min left in this row
    [dpy] chunk 7/86 (860 LOC) done in 1.7s - ~1.9min left in this row
    [dpy] chunk 8/86 (1295 LOC) done in 1.7s - ~1.9min left in this row
    [dpy] chunk 9/86 (760 LOC) done in 1.6s - ~1.9min left in this row
    [dpy] chunk 10/86 (469 LOC) done in 1.6s - ~1.9min left in this row
    [dpy] chunk 11/86 (3768 LOC) done in 1.6s - ~1.9min left in this row
    [dpy] chunk 12/86 (712 LOC) done in 1.6s - ~1.9min left in this row
    [dpy] chunk 13/86 (2412 LOC) done in 1.7s - ~1.9min left in this row
    [dpy] chunk 14/86 (6885 LOC) done in 1.7s - ~1.9min left in this row
    [dpy] chunk 15/86 (2921 LOC) done in 1.7s - ~1.9min left in this row
    [dpy] chunk 16/86 (1205 LOC) done in 1.4s - ~1.8min left in this row
    [dpy] chunk 17/86 (1479 LOC) done in 1.6s - ~1.8min left in this row
    [dpy] chunk 18/86 (141 LOC) done in 1.5s - ~1.8min left in this row
    [dpy] chunk 19/86 (3303 LOC) done in 1.7s - ~1.7min left in this row
    [dpy] chunk 20/86 (1742 LOC) done in 1.6s - ~1.7min left in this row
    [dpy] chunk 21/86 (2714 LOC) done in 1.5s - ~1.7min left in this row
    [dpy] chunk 22/86 (2966 LOC) done in 1.8s - ~1.7min left in this row
    [dpy] chunk 23/86 (204 LOC) done in 1.6s - ~1.7min left in this row
    [dpy] chunk 24/86 (886 LOC) done in 1.6s - ~1.6min left in this row
    [dpy] chunk 25/86 (18 LOC) done in 1.6s - ~1.6min left in this row
    [dpy] chunk 26/86 (1651 LOC) done in 1.6s - ~1.6min left in this row
    [dpy] chunk 27/86 (3551 LOC) done in 1.9s - ~1.6min left in this row
    [dpy] chunk 28/86 (9 LOC) done in 1.4s - ~1.5min left in this row
    [dpy] chunk 29/86 (1443 LOC) done in 1.5s - ~1.5min left in this row
    [dpy] chunk 30/86 (6863 LOC) done in 1.8s - ~1.5min left in this row
    [dpy] chunk 31/86 (658 LOC) done in 1.5s - ~1.5min left in this row
    [dpy] chunk 32/86 (2631 LOC) done in 1.4s - ~1.4min left in this row
    [dpy] chunk 33/86 (350 LOC) done in 1.4s - ~1.4min left in this row
    [dpy] chunk 34/86 (7068 LOC) done in 2.2s - ~1.4min left in this row
    [dpy] chunk 35/86 (801 LOC) done in 1.9s - ~1.4min left in this row
    [dpy] chunk 36/86 (7877 LOC) done in 2.3s - ~1.3min left in this row
    [dpy] chunk 37/86 (203 LOC) done in 1.6s - ~1.3min left in this row
    [dpy] chunk 38/86 (136 LOC) done in 1.6s - ~1.3min left in this row
    [dpy] chunk 39/86 (69 LOC) done in 1.6s - ~1.3min left in this row
    [dpy] chunk 40/86 (3903 LOC) done in 1.9s - ~1.2min left in this row
    [dpy] chunk 41/86 (1234 LOC) done in 1.8s - ~1.2min left in this row
    [dpy] chunk 42/86 (435 LOC) done in 1.5s - ~1.2min left in this row
    [dpy] chunk 43/86 (31 LOC) done in 1.4s - ~1.2min left in this row
    [dpy] chunk 44/86 (217 LOC) done in 1.4s - ~1.1min left in this row
    [dpy] chunk 45/86 (263 LOC) done in 1.5s - ~1.1min left in this row
    [dpy] chunk 46/86 (303 LOC) done in 1.5s - ~1.1min left in this row
    [dpy] chunk 47/86 (469 LOC) done in 1.6s - ~1.0min left in this row
    [dpy] chunk 48/86 (830 LOC) done in 1.8s - ~1.0min left in this row
    [dpy] chunk 49/86 (202 LOC) done in 1.6s - ~1.0min left in this row
    [dpy] chunk 50/86 (847 LOC) done in 1.6s - ~1.0min left in this row
    [dpy] chunk 51/86 (581 LOC) done in 1.6s - ~0.9min left in this row
    [dpy] chunk 52/86 (346 LOC) done in 1.6s - ~0.9min left in this row
    [dpy] chunk 53/86 (38 LOC) done in 1.4s - ~0.9min left in this row
    [dpy] chunk 54/86 (1251 LOC) done in 1.3s - ~0.9min left in this row
    [dpy] chunk 55/86 (1204 LOC) done in 1.8s - ~0.8min left in this row
    [dpy] chunk 56/86 (210 LOC) done in 1.6s - ~0.8min left in this row
    [dpy] chunk 57/86 (3105 LOC) done in 1.9s - ~0.8min left in this row
    [dpy] chunk 58/86 (654 LOC) done in 1.6s - ~0.7min left in this row
    [dpy] chunk 59/86 (678 LOC) done in 1.6s - ~0.7min left in this row
    [dpy] chunk 60/86 (418 LOC) done in 1.6s - ~0.7min left in this row
    [dpy] chunk 61/86 (2766 LOC) done in 1.8s - ~0.7min left in this row
    [dpy] chunk 62/86 (425 LOC) done in 1.6s - ~0.6min left in this row
    [dpy] chunk 63/86 (548 LOC) done in 1.5s - ~0.6min left in this row
    [dpy] chunk 64/86 (3481 LOC) done in 1.8s - ~0.6min left in this row
    [dpy] chunk 65/86 (176 LOC) done in 1.4s - ~0.6min left in this row
    [dpy] chunk 66/86 (1753 LOC) done in 1.5s - ~0.5min left in this row
    [dpy] chunk 67/86 (802 LOC) done in 1.4s - ~0.5min left in this row
    [dpy] chunk 68/86 (4435 LOC) done in 1.9s - ~0.5min left in this row
    [dpy] chunk 69/86 (740 LOC) done in 1.5s - ~0.5min left in this row
    [dpy] chunk 70/86 (598 LOC) done in 1.5s - ~0.4min left in this row
    [dpy] chunk 71/86 (2581 LOC) done in 1.7s - ~0.4min left in this row
    [dpy] chunk 72/86 (478 LOC) done in 1.4s - ~0.4min left in this row
    [dpy] chunk 73/86 (2667 LOC) done in 1.9s - ~0.3min left in this row
    [dpy] chunk 74/86 (877 LOC) done in 1.6s - ~0.3min left in this row
    [dpy] chunk 75/86 (5330 LOC) done in 1.9s - ~0.3min left in this row
    [dpy] chunk 76/86 (80 LOC) done in 1.4s - ~0.3min left in this row
    [dpy] chunk 77/86 (1695 LOC) done in 1.6s - ~0.2min left in this row
    [dpy] chunk 78/86 (4161 LOC) done in 2.0s - ~0.2min left in this row
    [dpy] chunk 79/86 (43 LOC) done in 1.4s - ~0.2min left in this row
    [dpy] chunk 80/86 (2535 LOC) done in 1.7s - ~0.2min left in this row
    [dpy] chunk 81/86 (7162 LOC) done in 2.1s - ~0.1min left in this row
    [dpy] chunk 82/86 (489 LOC) done in 1.5s - ~0.1min left in this row
    [dpy] chunk 83/86 (4318 LOC) done in 1.7s - ~0.1min left in this row
    [dpy] chunk 84/86 (1206 LOC) done in 1.7s - ~0.1min left in this row
    [dpy] chunk 85/86 (1424 LOC) done in 1.6s - ~0.0min left in this row
    [dpy] chunk 86/86 (310 LOC) done in 1.5s - ~0.0min left in this row
  [ok] (80/171) mlflow/mlflow A1 2022-05-01 @d0d307f7
  [row] (81/171) starting mlflow/mlflow A1 2022-06-01 @9237817e
    [dpy] 86 chunk(s) planned, 139935 total LOC
    [dpy] chunk 1/86 (921 LOC) done in 1.5s - ~2.1min left in this row
    [dpy] chunk 2/86 (488 LOC) done in 1.6s - ~2.2min left in this row
    [dpy] chunk 3/86 (6692 LOC) done in 2.1s - ~2.4min left in this row
    [dpy] chunk 4/86 (59 LOC) done in 1.3s - ~2.2min left in this row
    [dpy] chunk 5/86 (152 LOC) done in 1.4s - ~2.1min left in this row
    [dpy] chunk 6/86 (795 LOC) done in 1.5s - ~2.1min left in this row
    [dpy] chunk 7/86 (998 LOC) done in 1.4s - ~2.0min left in this row
    [dpy] chunk 8/86 (1295 LOC) done in 1.6s - ~2.0min left in this row
    [dpy] chunk 9/86 (760 LOC) done in 1.5s - ~2.0min left in this row
    [dpy] chunk 10/86 (469 LOC) done in 1.6s - ~2.0min left in this row
    [dpy] chunk 11/86 (3806 LOC) done in 1.8s - ~2.0min left in this row
    [dpy] chunk 12/86 (712 LOC) done in 1.6s - ~1.9min left in this row
    [dpy] chunk 13/86 (2442 LOC) done in 1.7s - ~1.9min left in this row
    [dpy] chunk 14/86 (1855 LOC) done in 1.6s - ~1.9min left in this row
    [dpy] chunk 15/86 (2919 LOC) done in 1.7s - ~1.9min left in this row
    [dpy] chunk 16/86 (1205 LOC) done in 1.8s - ~1.9min left in this row
    [dpy] chunk 17/86 (1479 LOC) done in 2.1s - ~1.9min left in this row
    [dpy] chunk 18/86 (149 LOC) done in 2.1s - ~1.9min left in this row
    [dpy] chunk 19/86 (3303 LOC) done in 1.8s - ~1.9min left in this row
    [dpy] chunk 20/86 (1742 LOC) done in 1.8s - ~1.8min left in this row
    [dpy] chunk 21/86 (2752 LOC) done in 1.8s - ~1.8min left in this row
    [dpy] chunk 22/86 (2983 LOC) done in 2.0s - ~1.8min left in this row
    [dpy] chunk 23/86 (204 LOC) done in 1.7s - ~1.8min left in this row
