manifest: C:\Users\kvrlv\Projects\Codebook_AIDev\results\snapshots\07-21-repo-snapshot-manifest-480.csv (480 rows)
437 eligible row(s) (have a resolved commit)
continuing existing run: C:\Users\kvrlv\Projects\Codebook_AIDev\results\analysis\07-27-smell-metrics-437.csv
resuming: 49 row(s) already done in C:\Users\kvrlv\Projects\Codebook_AIDev\results\analysis\07-27-smell-metrics-437.csv, skipping
  [row] (50/437) starting airbytehq/airbyte A1 2026-02-01 @4e9c5b4d
    [dpy] WARNING: 1 chunk(s) still over 8000 LOC and can't be split further (no subdirectories) - DPy will skip CSV export for these: ['C:\\Users\\kvrlv\\AppData\\Local\\Temp\\dpy_chunks_sg_pwf80\\loose__root__airbyte-integrations__connectors__source-github__source_github__loose1']
    [dpy] 390 chunk(s) planned, 344708 total LOC
    [dpy] chunk 1/390 (325 LOC) done in 2.2s - ~14.4min left in this row
    [dpy] chunk 2/390 (867 LOC) done in 2.7s - ~15.9min left in this row
    [dpy] chunk 3/390 (811 LOC) done in 2.4s - ~15.8min left in this row
    [dpy] chunk 4/390 (1045 LOC) done in 2.3s - ~15.5min left in this row
    [dpy] chunk 5/390 (698 LOC) done in 2.2s - ~15.3min left in this row
    [dpy] chunk 6/390 (6691 LOC) done in 2.9s - ~15.8min left in this row
    [dpy] chunk 7/390 (6602 LOC) done in 2.7s - ~16.0min left in this row
    [dpy] chunk 8/390 (3234 LOC) done in 2.6s - ~16.1min left in this row
    [dpy] chunk 9/390 (4778 LOC) done in 2.8s - ~16.2min left in this row
    [dpy] chunk 10/390 (692 LOC) done in 2.7s - ~16.2min left in this row
    [dpy] chunk 11/390 (205 LOC) done in 2.3s - ~16.0min left in this row
    [dpy] chunk 12/390 (227 LOC) done in 2.4s - ~15.9min left in this row
    [dpy] chunk 13/390 (59 LOC) done in 2.3s - ~15.8min left in this row
    [dpy] chunk 14/390 (473 LOC) done in 2.4s - ~15.7min left in this row
    [dpy] chunk 15/390 (2528 LOC) done in 2.4s - ~15.6min left in this row
    [dpy] chunk 16/390 (1198 LOC) done in 2.4s - ~15.5min left in this row
    [dpy] chunk 17/390 (193 LOC) done in 2.3s - ~15.4min left in this row
    [dpy] chunk 18/390 (1959 LOC) done in 2.6s - ~15.4min left in this row
    [dpy] chunk 19/390 (237 LOC) done in 2.4s - ~15.3min left in this row
    [dpy] chunk 20/390 (455 LOC) done in 2.4s - ~15.3min left in this row
    [dpy] chunk 21/390 (916 LOC) done in 2.4s - ~15.2min left in this row
    [dpy] chunk 22/390 (330 LOC) done in 2.3s - ~15.1min left in this row
    [dpy] chunk 23/390 (156 LOC) done in 2.2s - ~15.0min left in this row
    [dpy] chunk 24/390 (1108 LOC) done in 2.4s - ~14.9min left in this row
    [dpy] chunk 25/390 (544 LOC) done in 2.4s - ~14.9min left in this row
    [dpy] chunk 26/390 (27 LOC) done in 2.2s - ~14.8min left in this row
    [dpy] chunk 27/390 (3 LOC) done in 2.3s - ~14.7min left in this row
    [dpy] chunk 28/390 (1004 LOC) done in 2.3s - ~14.6min left in this row
    [dpy] chunk 29/390 (1482 LOC) done in 2.5s - ~14.6min left in this row
    [dpy] chunk 30/390 (190 LOC) done in 2.3s - ~14.6min left in this row
    [dpy] chunk 31/390 (1955 LOC) done in 2.4s - ~14.5min left in this row
    [dpy] chunk 32/390 (1488 LOC) done in 2.5s - ~14.5min left in this row
    [dpy] chunk 33/390 (276 LOC) done in 2.4s - ~14.4min left in this row
    [dpy] chunk 34/390 (6 LOC) done in 2.3s - ~14.4min left in this row
    [dpy] chunk 35/390 (3817 LOC) done in 2.6s - ~14.4min left in this row
    [dpy] chunk 36/390 (2018 LOC) done in 2.5s - ~14.3min left in this row
    [dpy] chunk 37/390 (6507 LOC) done in 2.7s - ~14.3min left in this row
    [dpy] chunk 38/390 (1137 LOC) done in 2.3s - ~14.3min left in this row
    [dpy] chunk 39/390 (70 LOC) done in 2.3s - ~14.2min left in this row
    [dpy] chunk 40/390 (4941 LOC) done in 2.8s - ~14.2min left in this row
    [dpy] chunk 41/390 (7948 LOC) done in 2.7s - ~14.2min left in this row
    [dpy] chunk 42/390 (618 LOC) done in 2.3s - ~14.2min left in this row
    [dpy] chunk 43/390 (470 LOC) done in 2.3s - ~14.1min left in this row
    [dpy] chunk 44/390 (698 LOC) done in 2.4s - ~14.1min left in this row
    [dpy] chunk 45/390 (2062 LOC) done in 2.6s - ~14.0min left in this row
    [dpy] chunk 46/390 (634 LOC) done in 2.4s - ~14.0min left in this row
    [dpy] chunk 47/390 (462 LOC) done in 2.2s - ~13.9min left in this row
    [dpy] chunk 48/390 (731 LOC) done in 2.3s - ~13.9min left in this row
    [dpy] chunk 49/390 (2271 LOC) done in 2.4s - ~13.8min left in this row
    [dpy] chunk 50/390 (638 LOC) done in 2.3s - ~13.8min left in this row
    [dpy] chunk 51/390 (957 LOC) done in 2.4s - ~13.7min left in this row
    [dpy] chunk 52/390 (635 LOC) done in 2.3s - ~13.7min left in this row
    [dpy] chunk 53/390 (962 LOC) done in 2.4s - ~13.6min left in this row
    [dpy] chunk 54/390 (262 LOC) done in 2.3s - ~13.6min left in this row
    [dpy] chunk 55/390 (320 LOC) done in 2.4s - ~13.5min left in this row
    [dpy] chunk 56/390 (1289 LOC) done in 2.3s - ~13.5min left in this row
    [dpy] chunk 57/390 (240 LOC) done in 2.3s - ~13.4min left in this row
    [dpy] chunk 58/390 (14 LOC) done in 2.2s - ~13.4min left in this row
    [dpy] chunk 59/390 (698 LOC) done in 2.4s - ~13.3min left in this row
    [dpy] chunk 60/390 (1846 LOC) done in 2.4s - ~13.3min left in this row
    [dpy] chunk 61/390 (2324 LOC) done in 2.4s - ~13.2min left in this row
    [dpy] chunk 62/390 (1034 LOC) done in 2.4s - ~13.2min left in this row
    [dpy] chunk 63/390 (569 LOC) done in 2.3s - ~13.1min left in this row
    [dpy] chunk 64/390 (330 LOC) done in 2.2s - ~13.1min left in this row
    [dpy] chunk 65/390 (1693 LOC) done in 2.4s - ~13.1min left in this row
    [dpy] chunk 66/390 (472 LOC) done in 2.3s - ~13.0min left in this row
    [dpy] chunk 67/390 (2583 LOC) done in 2.4s - ~13.0min left in this row
    [dpy] chunk 68/390 (326 LOC) done in 2.3s - ~12.9min left in this row
    [dpy] chunk 69/390 (514 LOC) done in 2.2s - ~12.9min left in this row
    [dpy] chunk 70/390 (289 LOC) done in 2.3s - ~12.8min left in this row
    [dpy] chunk 71/390 (323 LOC) done in 2.2s - ~12.8min left in this row
    [dpy] chunk 72/390 (649 LOC) done in 2.3s - ~12.7min left in this row
    [dpy] chunk 73/390 (954 LOC) done in 2.3s - ~12.7min left in this row
    [dpy] chunk 74/390 (249 LOC) done in 2.2s - ~12.6min left in this row
    [dpy] chunk 75/390 (20 LOC) done in 2.2s - ~12.6min left in this row
    [dpy] chunk 76/390 (863 LOC) done in 2.2s - ~12.5min left in this row
    [dpy] chunk 77/390 (20 LOC) done in 2.2s - ~12.5min left in this row
    [dpy] chunk 78/390 (20 LOC) done in 2.2s - ~12.4min left in this row
    [dpy] chunk 79/390 (18 LOC) done in 2.2s - ~12.4min left in this row
    [dpy] chunk 80/390 (289 LOC) done in 2.3s - ~12.3min left in this row
    [dpy] chunk 81/390 (3285 LOC) done in 2.7s - ~12.3min left in this row
    [dpy] chunk 82/390 (3189 LOC) done in 2.5s - ~12.3min left in this row
    [dpy] chunk 83/390 (210 LOC) done in 2.2s - ~12.2min left in this row
    [dpy] chunk 84/390 (345 LOC) done in 2.2s - ~12.2min left in this row
    [dpy] chunk 85/390 (45 LOC) done in 2.2s - ~12.1min left in this row
    [dpy] chunk 86/390 (17 LOC) done in 2.2s - ~12.1min left in this row
    [dpy] chunk 87/390 (20 LOC) done in 2.2s - ~12.0min left in this row
    [dpy] chunk 88/390 (1052 LOC) done in 2.3s - ~12.0min left in this row
    [dpy] chunk 89/390 (354 LOC) done in 2.3s - ~11.9min left in this row
    [dpy] chunk 90/390 (18 LOC) done in 2.2s - ~11.9min left in this row
    [dpy] chunk 91/390 (17 LOC) done in 2.3s - ~11.8min left in this row
    [dpy] chunk 92/390 (154 LOC) done in 2.2s - ~11.8min left in this row
    [dpy] chunk 93/390 (134 LOC) done in 2.3s - ~11.7min left in this row
    [dpy] chunk 94/390 (1062 LOC) done in 2.3s - ~11.7min left in this row
    [dpy] chunk 95/390 (548 LOC) done in 2.3s - ~11.7min left in this row
    [dpy] chunk 96/390 (20 LOC) done in 2.2s - ~11.6min left in this row
    [dpy] chunk 97/390 (77 LOC) done in 2.2s - ~11.6min left in this row
    [dpy] chunk 98/390 (49 LOC) done in 2.2s - ~11.5min left in this row
    [dpy] chunk 99/390 (17 LOC) done in 2.2s - ~11.5min left in this row
    [dpy] chunk 100/390 (4829 LOC) done in 2.6s - ~11.4min left in this row
    [dpy] chunk 101/390 (873 LOC) done in 2.3s - ~11.4min left in this row
    [dpy] chunk 102/390 (871 LOC) done in 2.5s - ~11.4min left in this row
    [dpy] chunk 103/390 (195 LOC) done in 2.2s - ~11.3min left in this row
    [dpy] chunk 104/390 (18 LOC) done in 2.4s - ~11.3min left in this row
    [dpy] chunk 105/390 (20 LOC) done in 2.3s - ~11.2min left in this row
    [dpy] chunk 106/390 (18 LOC) done in 2.2s - ~11.2min left in this row
    [dpy] chunk 107/390 (418 LOC) done in 2.2s - ~11.1min left in this row
    [dpy] chunk 108/390 (4706 LOC) done in 2.7s - ~11.1min left in this row
    [dpy] chunk 109/390 (20 LOC) done in 2.2s - ~11.1min left in this row
    [dpy] chunk 110/390 (18 LOC) done in 2.3s - ~11.0min left in this row
    [dpy] chunk 111/390 (18 LOC) done in 2.3s - ~11.0min left in this row
    [dpy] chunk 112/390 (17 LOC) done in 2.2s - ~10.9min left in this row
    [dpy] chunk 113/390 (20 LOC) done in 2.3s - ~10.9min left in this row
    [dpy] chunk 114/390 (20 LOC) done in 2.2s - ~10.9min left in this row
    [dpy] chunk 115/390 (15 LOC) done in 2.2s - ~10.8min left in this row
    [dpy] chunk 116/390 (17 LOC) done in 2.2s - ~10.8min left in this row
    [dpy] chunk 117/390 (20 LOC) done in 2.3s - ~10.7min left in this row
    [dpy] chunk 118/390 (18 LOC) done in 2.3s - ~10.7min left in this row
    [dpy] chunk 119/390 (20 LOC) done in 2.4s - ~10.6min left in this row
    [dpy] chunk 120/390 (20 LOC) done in 2.3s - ~10.6min left in this row
    [dpy] chunk 121/390 (411 LOC) done in 2.3s - ~10.6min left in this row
    [dpy] chunk 122/390 (115 LOC) done in 2.3s - ~10.5min left in this row
    [dpy] chunk 123/390 (20 LOC) done in 2.4s - ~10.5min left in this row
    [dpy] chunk 124/390 (20 LOC) done in 2.3s - ~10.4min left in this row
    [dpy] chunk 125/390 (20 LOC) done in 2.3s - ~10.4min left in this row
    [dpy] chunk 126/390 (671 LOC) done in 2.5s - ~10.4min left in this row
    [dpy] chunk 127/390 (18 LOC) done in 2.3s - ~10.3min left in this row
    [dpy] chunk 128/390 (476 LOC) done in 2.3s - ~10.3min left in this row
    [dpy] chunk 129/390 (20 LOC) done in 2.2s - ~10.2min left in this row
    [dpy] chunk 130/390 (20 LOC) done in 2.3s - ~10.2min left in this row
    [dpy] chunk 131/390 (18 LOC) done in 2.2s - ~10.2min left in this row
    [dpy] chunk 132/390 (17 LOC) done in 2.1s - ~10.1min left in this row
    [dpy] chunk 133/390 (17 LOC) done in 2.3s - ~10.1min left in this row
    [dpy] chunk 134/390 (20 LOC) done in 2.3s - ~10.0min left in this row
    [dpy] chunk 135/390 (20 LOC) done in 2.3s - ~10.0min left in this row
    [dpy] chunk 136/390 (20 LOC) done in 2.3s - ~9.9min left in this row
    [dpy] chunk 137/390 (17 LOC) done in 2.2s - ~9.9min left in this row
    [dpy] chunk 138/390 (17 LOC) done in 2.2s - ~9.9min left in this row
    [dpy] chunk 139/390 (18 LOC) done in 2.3s - ~9.8min left in this row
    [dpy] chunk 140/390 (20 LOC) done in 2.4s - ~9.8min left in this row
    [dpy] chunk 141/390 (18 LOC) done in 2.1s - ~9.7min left in this row
    [dpy] chunk 142/390 (86 LOC) done in 2.2s - ~9.7min left in this row
    [dpy] chunk 143/390 (3572 LOC) done in 2.7s - ~9.7min left in this row
    [dpy] chunk 144/390 (5882 LOC) done in 3.0s - ~9.6min left in this row
    [dpy] chunk 145/390 (10 LOC) done in 2.3s - ~9.6min left in this row
    [dpy] chunk 146/390 (747 LOC) done in 2.6s - ~9.6min left in this row
    [dpy] chunk 147/390 (787 LOC) done in 2.4s - ~9.5min left in this row
    [dpy] chunk 148/390 (39 LOC) done in 2.2s - ~9.5min left in this row
    [dpy] chunk 149/390 (2508 LOC) done in 2.3s - ~9.4min left in this row
    [dpy] chunk 150/390 (2235 LOC) done in 2.5s - ~9.4min left in this row
    [dpy] chunk 151/390 (393 LOC) done in 2.2s - ~9.4min left in this row
    [dpy] chunk 152/390 (934 LOC) done in 2.3s - ~9.3min left in this row
    [dpy] chunk 153/390 (20 LOC) done in 2.3s - ~9.3min left in this row
    [dpy] chunk 154/390 (20 LOC) done in 2.2s - ~9.2min left in this row
    [dpy] chunk 155/390 (114 LOC) done in 2.2s - ~9.2min left in this row
    [dpy] chunk 156/390 (181 LOC) done in 2.3s - ~9.2min left in this row
    [dpy] chunk 157/390 (26 LOC) done in 2.3s - ~9.1min left in this row
    [dpy] chunk 158/390 (20 LOC) done in 2.4s - ~9.1min left in this row
    [dpy] chunk 159/390 (20 LOC) done in 2.3s - ~9.0min left in this row
    [dpy] chunk 160/390 (20 LOC) done in 2.2s - ~9.0min left in this row
    [dpy] chunk 161/390 (1496 LOC) done in 2.3s - ~9.0min left in this row
    [dpy] chunk 162/390 (503 LOC) done in 2.3s - ~8.9min left in this row
    [dpy] chunk 163/390 (20 LOC) done in 2.2s - ~8.9min left in this row
    [dpy] chunk 164/390 (175 LOC) done in 2.3s - ~8.8min left in this row
    [dpy] chunk 165/390 (17 LOC) done in 2.2s - ~8.8min left in this row
    [dpy] chunk 166/390 (319 LOC) done in 2.3s - ~8.8min left in this row
    [dpy] chunk 167/390 (41035 LOC) done in 3.7s - ~8.7min left in this row
    [dpy] chunk 168/390 (2611 LOC) done in 2.7s - ~8.7min left in this row
    [dpy] chunk 169/390 (2644 LOC) done in 2.5s - ~8.7min left in this row
    [dpy] chunk 170/390 (9 LOC) done in 2.3s - ~8.6min left in this row
    [dpy] chunk 171/390 (626 LOC) done in 2.3s - ~8.6min left in this row
    [dpy] chunk 172/390 (20 LOC) done in 2.3s - ~8.6min left in this row
    [dpy] chunk 173/390 (48 LOC) done in 2.3s - ~8.5min left in this row
    [dpy] chunk 174/390 (20 LOC) done in 2.3s - ~8.5min left in this row
    [dpy] chunk 175/390 (20 LOC) done in 2.2s - ~8.4min left in this row
    [dpy] chunk 176/390 (20 LOC) done in 2.3s - ~8.4min left in this row
    [dpy] chunk 177/390 (4887 LOC) done in 2.6s - ~8.4min left in this row
    [dpy] chunk 178/390 (476 LOC) done in 2.3s - ~8.3min left in this row
    [dpy] chunk 179/390 (1332 LOC) done in 2.4s - ~8.3min left in this row
    [dpy] chunk 180/390 (151 LOC) done in 2.2s - ~8.2min left in this row
    [dpy] chunk 181/390 (263 LOC) done in 2.4s - ~8.2min left in this row
    [dpy] chunk 182/390 (2013 LOC) done in 2.4s - ~8.2min left in this row
    [dpy] chunk 183/390 (18 LOC) done in 2.2s - ~8.1min left in this row
    [dpy] chunk 184/390 (5101 LOC) done in 2.8s - ~8.1min left in this row
    [dpy] chunk 185/390 (2991 LOC) done in 2.5s - ~8.1min left in this row
    [dpy] chunk 186/390 (20 LOC) done in 2.3s - ~8.0min left in this row
    [dpy] chunk 187/390 (83 LOC) done in 2.2s - ~8.0min left in this row
    [dpy] chunk 188/390 (415 LOC) done in 2.3s - ~7.9min left in this row
    [dpy] chunk 189/390 (18 LOC) done in 2.2s - ~7.9min left in this row
    [dpy] chunk 190/390 (226 LOC) done in 2.2s - ~7.9min left in this row
    [dpy] chunk 191/390 (20 LOC) done in 2.2s - ~7.8min left in this row
    [dpy] chunk 192/390 (7688 LOC) done in 3.1s - ~7.8min left in this row
    [dpy] chunk 193/390 (20 LOC) done in 2.2s - ~7.7min left in this row
    [dpy] chunk 194/390 (20 LOC) done in 2.2s - ~7.7min left in this row
    [dpy] chunk 195/390 (4314 LOC) done in 2.6s - ~7.7min left in this row
    [dpy] chunk 196/390 (20 LOC) done in 2.3s - ~7.6min left in this row
    [dpy] chunk 197/390 (3489 LOC) done in 2.6s - ~7.6min left in this row
    [dpy] chunk 198/390 (208 LOC) done in 2.3s - ~7.5min left in this row
    [dpy] chunk 199/390 (380 LOC) done in 2.3s - ~7.5min left in this row
    [dpy] chunk 200/390 (20 LOC) done in 2.3s - ~7.5min left in this row
    [dpy] chunk 201/390 (20 LOC) done in 2.2s - ~7.4min left in this row
    [dpy] chunk 202/390 (1798 LOC) done in 2.4s - ~7.4min left in this row
    [dpy] chunk 203/390 (224 LOC) done in 2.3s - ~7.3min left in this row
    [dpy] chunk 204/390 (558 LOC) done in 2.3s - ~7.3min left in this row
    [dpy] chunk 205/390 (7866 LOC) done in 3.0s - ~7.3min left in this row
    [dpy] chunk 206/390 (3516 LOC) done in 2.7s - ~7.2min left in this row
    [dpy] chunk 207/390 (1584 LOC) done in 2.5s - ~7.2min left in this row
    [dpy] chunk 208/390 (107 LOC) done in 2.2s - ~7.2min left in this row
    [dpy] chunk 209/390 (20 LOC) done in 2.4s - ~7.1min left in this row
    [dpy] chunk 210/390 (17 LOC) done in 2.2s - ~7.1min left in this row
    [dpy] chunk 211/390 (20 LOC) done in 2.3s - ~7.0min left in this row
    [dpy] chunk 212/390 (18 LOC) done in 2.2s - ~7.0min left in this row
    [dpy] chunk 213/390 (7282 LOC) done in 2.8s - ~7.0min left in this row
    [dpy] chunk 214/390 (861 LOC) done in 2.3s - ~6.9min left in this row
    [dpy] chunk 215/390 (672 LOC) done in 2.3s - ~6.9min left in this row
    [dpy] chunk 216/390 (20 LOC) done in 2.2s - ~6.8min left in this row
    [dpy] chunk 217/390 (20 LOC) done in 2.3s - ~6.8min left in this row
    [dpy] chunk 218/390 (20 LOC) done in 2.2s - ~6.8min left in this row
    [dpy] chunk 219/390 (7228 LOC) done in 2.9s - ~6.7min left in this row
    [dpy] chunk 220/390 (17 LOC) done in 2.3s - ~6.7min left in this row
    [dpy] chunk 221/390 (949 LOC) done in 2.3s - ~6.7min left in this row
    [dpy] chunk 222/390 (18 LOC) done in 2.2s - ~6.6min left in this row
    [dpy] chunk 223/390 (133 LOC) done in 2.2s - ~6.6min left in this row
    [dpy] chunk 224/390 (522 LOC) done in 2.3s - ~6.5min left in this row
    [dpy] chunk 225/390 (20 LOC) done in 2.2s - ~6.5min left in this row
    [dpy] chunk 226/390 (20 LOC) done in 2.3s - ~6.5min left in this row
    [dpy] chunk 227/390 (17 LOC) done in 2.2s - ~6.4min left in this row
    [dpy] chunk 228/390 (20 LOC) done in 2.3s - ~6.4min left in this row
    [dpy] chunk 229/390 (20 LOC) done in 2.3s - ~6.3min left in this row
    [dpy] chunk 230/390 (1294 LOC) done in 2.3s - ~6.3min left in this row
    [dpy] chunk 231/390 (20 LOC) done in 2.2s - ~6.2min left in this row
    [dpy] chunk 232/390 (15 LOC) done in 2.2s - ~6.2min left in this row
    [dpy] chunk 233/390 (758 LOC) done in 2.5s - ~6.2min left in this row
    [dpy] chunk 234/390 (23 LOC) done in 2.2s - ~6.1min left in this row
    [dpy] chunk 235/390 (836 LOC) done in 2.4s - ~6.1min left in this row
    [dpy] chunk 236/390 (2238 LOC) done in 2.4s - ~6.1min left in this row
    [dpy] chunk 237/390 (20 LOC) done in 2.2s - ~6.0min left in this row
    [dpy] chunk 238/390 (2725 LOC) done in 2.4s - ~6.0min left in this row
    [dpy] chunk 239/390 (1624 LOC) done in 2.4s - ~5.9min left in this row
    [dpy] chunk 240/390 (17 LOC) done in 2.2s - ~5.9min left in this row
    [dpy] chunk 241/390 (107 LOC) done in 2.3s - ~5.9min left in this row
    [dpy] chunk 242/390 (230 LOC) done in 2.3s - ~5.8min left in this row
    [dpy] chunk 243/390 (20 LOC) done in 2.2s - ~5.8min left in this row
    [dpy] chunk 244/390 (20 LOC) done in 2.2s - ~5.7min left in this row
    [dpy] chunk 245/390 (585 LOC) done in 2.3s - ~5.7min left in this row
    [dpy] chunk 246/390 (20 LOC) done in 2.2s - ~5.7min left in this row
    [dpy] chunk 247/390 (18 LOC) done in 2.3s - ~5.6min left in this row
    [dpy] chunk 248/390 (527 LOC) done in 2.2s - ~5.6min left in this row
    [dpy] chunk 249/390 (20 LOC) done in 2.3s - ~5.5min left in this row
    [dpy] chunk 250/390 (1070 LOC) done in 2.3s - ~5.5min left in this row
    [dpy] chunk 251/390 (20 LOC) done in 2.2s - ~5.5min left in this row
    [dpy] chunk 252/390 (18 LOC) done in 2.2s - ~5.4min left in this row
    [dpy] chunk 253/390 (20 LOC) done in 2.4s - ~5.4min left in this row
    [dpy] chunk 254/390 (20 LOC) done in 2.2s - ~5.3min left in this row
    [dpy] chunk 255/390 (15 LOC) done in 2.2s - ~5.3min left in this row
    [dpy] chunk 256/390 (17 LOC) done in 2.2s - ~5.2min left in this row
    [dpy] chunk 257/390 (135 LOC) done in 2.3s - ~5.2min left in this row
    [dpy] chunk 258/390 (18 LOC) done in 2.2s - ~5.2min left in this row
    [dpy] chunk 259/390 (1513 LOC) done in 2.5s - ~5.1min left in this row
    [dpy] chunk 260/390 (54 LOC) done in 2.2s - ~5.1min left in this row
    [dpy] chunk 261/390 (20 LOC) done in 2.3s - ~5.1min left in this row
    [dpy] chunk 262/390 (20 LOC) done in 2.3s - ~5.0min left in this row
    [dpy] chunk 263/390 (20 LOC) done in 2.4s - ~5.0min left in this row
    [dpy] chunk 264/390 (1079 LOC) done in 2.3s - ~4.9min left in this row
    [dpy] chunk 265/390 (18 LOC) done in 2.3s - ~4.9min left in this row
    [dpy] chunk 266/390 (20 LOC) done in 2.2s - ~4.9min left in this row
    [dpy] chunk 267/390 (20 LOC) done in 2.3s - ~4.8min left in this row
    [dpy] chunk 268/390 (20 LOC) done in 2.2s - ~4.8min left in this row
    [dpy] chunk 269/390 (695 LOC) done in 2.2s - ~4.7min left in this row
    [dpy] chunk 270/390 (76 LOC) done in 2.2s - ~4.7min left in this row
    [dpy] chunk 271/390 (20 LOC) done in 2.3s - ~4.7min left in this row
    [dpy] chunk 272/390 (18 LOC) done in 2.3s - ~4.6min left in this row
    [dpy] chunk 273/390 (18 LOC) done in 2.2s - ~4.6min left in this row
    [dpy] chunk 274/390 (55 LOC) done in 2.3s - ~4.5min left in this row
    [dpy] chunk 275/390 (20 LOC) done in 2.2s - ~4.5min left in this row
    [dpy] chunk 276/390 (20 LOC) done in 2.3s - ~4.5min left in this row
    [dpy] chunk 277/390 (316 LOC) done in 2.3s - ~4.4min left in this row
    [dpy] chunk 278/390 (366 LOC) done in 2.3s - ~4.4min left in this row
    [dpy] chunk 279/390 (20 LOC) done in 2.3s - ~4.3min left in this row
    [dpy] chunk 280/390 (194 LOC) done in 2.4s - ~4.3min left in this row
    [dpy] chunk 281/390 (20 LOC) done in 2.3s - ~4.3min left in this row
    [dpy] chunk 282/390 (88 LOC) done in 2.2s - ~4.2min left in this row
    [dpy] chunk 283/390 (18 LOC) done in 2.2s - ~4.2min left in this row
    [dpy] chunk 284/390 (185 LOC) done in 2.4s - ~4.1min left in this row
    [dpy] chunk 285/390 (20 LOC) done in 2.1s - ~4.1min left in this row
    [dpy] chunk 286/390 (53 LOC) done in 2.1s - ~4.1min left in this row
    [dpy] chunk 287/390 (20 LOC) done in 2.1s - ~4.0min left in this row
    [dpy] chunk 288/390 (147 LOC) done in 2.2s - ~4.0min left in this row
    [dpy] chunk 289/390 (18 LOC) done in 2.1s - ~3.9min left in this row
    [dpy] chunk 290/390 (1444 LOC) done in 2.4s - ~3.9min left in this row
    [dpy] chunk 291/390 (20 LOC) done in 2.3s - ~3.9min left in this row
    [dpy] chunk 292/390 (18 LOC) done in 2.3s - ~3.8min left in this row
    [dpy] chunk 293/390 (31 LOC) done in 2.2s - ~3.8min left in this row
    [dpy] chunk 294/390 (17 LOC) done in 2.3s - ~3.7min left in this row
    [dpy] chunk 295/390 (20 LOC) done in 2.2s - ~3.7min left in this row
    [dpy] chunk 296/390 (43 LOC) done in 2.2s - ~3.7min left in this row
    [dpy] chunk 297/390 (20 LOC) done in 2.2s - ~3.6min left in this row
    [dpy] chunk 298/390 (1469 LOC) done in 2.3s - ~3.6min left in this row
    [dpy] chunk 299/390 (20 LOC) done in 2.3s - ~3.5min left in this row
    [dpy] chunk 300/390 (142 LOC) done in 2.3s - ~3.5min left in this row
    [dpy] chunk 301/390 (4252 LOC) done in 2.7s - ~3.5min left in this row
    [dpy] chunk 302/390 (7523 LOC) done in 2.8s - ~3.4min left in this row
    [dpy] chunk 303/390 (42 LOC) done in 2.3s - ~3.4min left in this row
    [dpy] chunk 304/390 (20 LOC) done in 2.4s - ~3.4min left in this row
    [dpy] chunk 305/390 (17 LOC) done in 2.3s - ~3.3min left in this row
    [dpy] chunk 306/390 (20 LOC) done in 2.3s - ~3.3min left in this row
    [dpy] chunk 307/390 (2550 LOC) done in 2.6s - ~3.2min left in this row
    [dpy] chunk 308/390 (20 LOC) done in 2.3s - ~3.2min left in this row
    [dpy] chunk 309/390 (18 LOC) done in 2.2s - ~3.2min left in this row
    [dpy] chunk 310/390 (1170 LOC) done in 2.4s - ~3.1min left in this row
    [dpy] chunk 311/390 (20 LOC) done in 2.4s - ~3.1min left in this row
    [dpy] chunk 312/390 (17 LOC) done in 2.5s - ~3.0min left in this row
    [dpy] chunk 313/390 (1336 LOC) done in 2.4s - ~3.0min left in this row
    [dpy] chunk 314/390 (17 LOC) done in 2.3s - ~3.0min left in this row
    [dpy] chunk 315/390 (7311 LOC) done in 2.8s - ~2.9min left in this row
    [dpy] chunk 316/390 (5351 LOC) done in 2.6s - ~2.9min left in this row
    [dpy] chunk 317/390 (10 LOC) done in 2.3s - ~2.9min left in this row
    [dpy] chunk 318/390 (17 LOC) done in 2.3s - ~2.8min left in this row
    [dpy] chunk 319/390 (15 LOC) done in 2.5s - ~2.8min left in this row
    [dpy] chunk 320/390 (1109 LOC) done in 2.5s - ~2.7min left in this row
    [dpy] chunk 321/390 (20 LOC) done in 2.2s - ~2.7min left in this row
    [dpy] chunk 322/390 (20 LOC) done in 2.2s - ~2.7min left in this row
    [dpy] chunk 323/390 (514 LOC) done in 2.2s - ~2.6min left in this row
    [dpy] chunk 324/390 (3627 LOC) done in 2.4s - ~2.6min left in this row
    [dpy] chunk 325/390 (20 LOC) done in 2.5s - ~2.5min left in this row
    [dpy] chunk 326/390 (20 LOC) done in 2.2s - ~2.5min left in this row
    [dpy] chunk 327/390 (15 LOC) done in 2.1s - ~2.5min left in this row
    [dpy] chunk 328/390 (20 LOC) done in 2.1s - ~2.4min left in this row
    [dpy] chunk 329/390 (212 LOC) done in 2.2s - ~2.4min left in this row
    [dpy] chunk 330/390 (20 LOC) done in 2.1s - ~2.3min left in this row
    [dpy] chunk 331/390 (5745 LOC) done in 2.9s - ~2.3min left in this row
    [dpy] chunk 332/390 (20 LOC) done in 2.4s - ~2.3min left in this row
    [dpy] chunk 333/390 (370 LOC) done in 2.5s - ~2.2min left in this row
    [dpy] chunk 334/390 (839 LOC) done in 2.4s - ~2.2min left in this row
    [dpy] chunk 335/390 (20 LOC) done in 2.4s - ~2.1min left in this row
    [dpy] chunk 336/390 (17 LOC) done in 2.5s - ~2.1min left in this row
    [dpy] chunk 337/390 (148 LOC) done in 2.7s - ~2.1min left in this row
    [dpy] chunk 338/390 (17 LOC) done in 2.8s - ~2.0min left in this row
    [dpy] chunk 339/390 (1432 LOC) done in 3.2s - ~2.0min left in this row
    [dpy] chunk 340/390 (20 LOC) done in 2.8s - ~2.0min left in this row
    [dpy] chunk 341/390 (20 LOC) done in 2.6s - ~1.9min left in this row
    [dpy] chunk 342/390 (20 LOC) done in 2.5s - ~1.9min left in this row
    [dpy] chunk 343/390 (20 LOC) done in 2.6s - ~1.8min left in this row
    [dpy] chunk 344/390 (846 LOC) done in 2.3s - ~1.8min left in this row
    [dpy] chunk 345/390 (136 LOC) done in 2.1s - ~1.8min left in this row
    [dpy] chunk 346/390 (20 LOC) done in 2.3s - ~1.7min left in this row
    [dpy] chunk 347/390 (18 LOC) done in 2.1s - ~1.7min left in this row
    [dpy] chunk 348/390 (847 LOC) done in 2.1s - ~1.6min left in this row
    [dpy] chunk 349/390 (20 LOC) done in 2.3s - ~1.6min left in this row
    [dpy] chunk 350/390 (20 LOC) done in 2.1s - ~1.6min left in this row
    [dpy] chunk 351/390 (20 LOC) done in 2.1s - ~1.5min left in this row
    [dpy] chunk 352/390 (59 LOC) done in 2.1s - ~1.5min left in this row
    [dpy] chunk 353/390 (20 LOC) done in 2.1s - ~1.4min left in this row
    [dpy] chunk 354/390 (202 LOC) done in 2.0s - ~1.4min left in this row
    [dpy] chunk 355/390 (20 LOC) done in 2.0s - ~1.4min left in this row
    [dpy] chunk 356/390 (20 LOC) done in 2.1s - ~1.3min left in this row
    [dpy] chunk 357/390 (20 LOC) done in 2.0s - ~1.3min left in this row
    [dpy] chunk 358/390 (20 LOC) done in 2.1s - ~1.2min left in this row
    [dpy] chunk 359/390 (18 LOC) done in 2.3s - ~1.2min left in this row
    [dpy] chunk 360/390 (560 LOC) done in 2.2s - ~1.2min left in this row
    [dpy] chunk 361/390 (18 LOC) done in 2.0s - ~1.1min left in this row
    [dpy] chunk 362/390 (20 LOC) done in 2.0s - ~1.1min left in this row
    [dpy] chunk 363/390 (3479 LOC) done in 2.4s - ~1.1min left in this row
    [dpy] chunk 364/390 (20 LOC) done in 2.1s - ~1.0min left in this row
    [dpy] chunk 365/390 (20 LOC) done in 2.2s - ~1.0min left in this row
    [dpy] chunk 366/390 (20 LOC) done in 2.1s - ~0.9min left in this row
    [dpy] chunk 367/390 (146 LOC) done in 2.3s - ~0.9min left in this row
    [dpy] chunk 368/390 (20 LOC) done in 2.1s - ~0.9min left in this row
    [dpy] chunk 369/390 (437 LOC) done in 2.1s - ~0.8min left in this row
    [dpy] chunk 370/390 (20 LOC) done in 2.1s - ~0.8min left in this row
    [dpy] chunk 371/390 (108 LOC) done in 2.2s - ~0.7min left in this row
    [dpy] chunk 372/390 (169 LOC) done in 2.1s - ~0.7min left in this row
    [dpy] chunk 373/390 (18 LOC) done in 2.2s - ~0.7min left in this row
    [dpy] chunk 374/390 (20 LOC) done in 2.3s - ~0.6min left in this row
    [dpy] chunk 375/390 (2079 LOC) done in 2.5s - ~0.6min left in this row
    [dpy] chunk 376/390 (20 LOC) done in 2.2s - ~0.5min left in this row
    [dpy] chunk 377/390 (42 LOC) done in 2.2s - ~0.5min left in this row
    [dpy] chunk 378/390 (18 LOC) done in 2.1s - ~0.5min left in this row
    [dpy] chunk 379/390 (7916 LOC) done in 3.1s - ~0.4min left in this row
    [dpy] chunk 380/390 (956 LOC) done in 2.3s - ~0.4min left in this row
    [dpy] chunk 381/390 (41 LOC) done in 2.1s - ~0.4min left in this row
    [dpy] chunk 382/390 (257 LOC) done in 2.2s - ~0.3min left in this row
    [dpy] chunk 383/390 (43 LOC) done in 2.1s - ~0.3min left in this row
    [dpy] chunk 384/390 (190 LOC) done in 2.1s - ~0.2min left in this row
    [dpy] chunk 385/390 (18 LOC) done in 2.1s - ~0.2min left in this row
    [dpy] chunk 386/390 (329 LOC) done in 2.1s - ~0.2min left in this row
    [dpy] chunk 387/390 (1428 LOC) done in 2.3s - ~0.1min left in this row
    [dpy] chunk 388/390 (105 LOC) done in 2.2s - ~0.1min left in this row
    [dpy] chunk 389/390 (186 LOC) done in 2.1s - ~0.0min left in this row
    [dpy] chunk 390/390 (543 LOC) done in 2.2s - ~0.0min left in this row
  [ok] (50/437) airbytehq/airbyte A1 2026-02-01 @4e9c5b4d
  [row] (51/437) starting airbytehq/airbyte A1 2026-03-01 @c27d1755
    [dpy] WARNING: 1 chunk(s) still over 8000 LOC and can't be split further (no subdirectories) - DPy will skip CSV export for these: ['C:\\Users\\kvrlv\\AppData\\Local\\Temp\\dpy_chunks_lb680r_s\\loose__root__airbyte-integrations__connectors__source-github__source_github__loose1']
    [dpy] 390 chunk(s) planned, 342271 total LOC
    [dpy] chunk 1/390 (389 LOC) done in 2.3s - ~14.6min left in this row
    [dpy] chunk 2/390 (867 LOC) done in 2.2s - ~14.4min left in this row
    [dpy] chunk 3/390 (811 LOC) done in 2.1s - ~14.2min left in this row
    [dpy] chunk 4/390 (1045 LOC) done in 2.2s - ~14.2min left in this row
    [dpy] chunk 5/390 (698 LOC) done in 2.2s - ~14.1min left in this row
    [dpy] chunk 6/390 (6691 LOC) done in 2.8s - ~14.7min left in this row
    [dpy] chunk 7/390 (6599 LOC) done in 2.5s - ~14.8min left in this row
    [dpy] chunk 8/390 (3234 LOC) done in 2.5s - ~14.9min left in this row
    [dpy] chunk 9/390 (692 LOC) done in 2.1s - ~14.7min left in this row
    [dpy] chunk 10/390 (205 LOC) done in 2.3s - ~14.7min left in this row
    [dpy] chunk 11/390 (227 LOC) done in 2.2s - ~14.6min left in this row
    [dpy] chunk 12/390 (59 LOC) done in 2.3s - ~14.5min left in this row
    [dpy] chunk 13/390 (473 LOC) done in 2.1s - ~14.4min left in this row
    [dpy] chunk 14/390 (2528 LOC) done in 2.2s - ~14.3min left in this row
    [dpy] chunk 15/390 (1198 LOC) done in 2.3s - ~14.3min left in this row
    [dpy] chunk 16/390 (193 LOC) done in 2.3s - ~14.3min left in this row
    [dpy] chunk 17/390 (1959 LOC) done in 2.4s - ~14.3min left in this row
    [dpy] chunk 18/390 (237 LOC) done in 2.2s - ~14.2min left in this row
    [dpy] chunk 19/390 (456 LOC) done in 2.2s - ~14.2min left in this row
    [dpy] chunk 20/390 (914 LOC) done in 2.1s - ~14.1min left in this row
    [dpy] chunk 21/390 (179 LOC) done in 2.3s - ~14.1min left in this row
    [dpy] chunk 22/390 (156 LOC) done in 2.3s - ~14.0min left in this row
    [dpy] chunk 23/390 (1108 LOC) done in 2.2s - ~14.0min left in this row
    [dpy] chunk 24/390 (543 LOC) done in 2.3s - ~13.9min left in this row
    [dpy] chunk 25/390 (27 LOC) done in 2.2s - ~13.9min left in this row
    [dpy] chunk 26/390 (3 LOC) done in 2.1s - ~13.8min left in this row
    [dpy] chunk 27/390 (1004 LOC) done in 2.2s - ~13.7min left in this row
    [dpy] chunk 28/390 (1482 LOC) done in 2.2s - ~13.7min left in this row
    [dpy] chunk 29/390 (190 LOC) done in 2.2s - ~13.6min left in this row
    [dpy] chunk 30/390 (1955 LOC) done in 2.3s - ~13.6min left in this row
    [dpy] chunk 31/390 (1488 LOC) done in 2.8s - ~13.7min left in this row
    [dpy] chunk 32/390 (276 LOC) done in 2.4s - ~13.7min left in this row
    [dpy] chunk 33/390 (6 LOC) done in 3.1s - ~13.8min left in this row
    [dpy] chunk 34/390 (3817 LOC) done in 2.6s - ~13.8min left in this row
    [dpy] chunk 35/390 (2018 LOC) done in 2.3s - ~13.8min left in this row
    [dpy] chunk 36/390 (6507 LOC) done in 2.6s - ~13.8min left in this row
    [dpy] chunk 37/390 (1137 LOC) done in 2.3s - ~13.7min left in this row
    [dpy] chunk 38/390 (70 LOC) done in 2.3s - ~13.7min left in this row
    [dpy] chunk 39/390 (4941 LOC) done in 2.8s - ~13.7min left in this row
    [dpy] chunk 40/390 (7948 LOC) done in 2.5s - ~13.7min left in this row
    [dpy] chunk 41/390 (618 LOC) done in 2.3s - ~13.7min left in this row
    [dpy] chunk 42/390 (470 LOC) done in 2.2s - ~13.6min left in this row
    [dpy] chunk 43/390 (698 LOC) done in 2.3s - ~13.6min left in this row
    [dpy] chunk 44/390 (2062 LOC) done in 2.3s - ~13.5min left in this row
    [dpy] chunk 45/390 (634 LOC) done in 2.2s - ~13.5min left in this row
    [dpy] chunk 46/390 (462 LOC) done in 2.2s - ~13.4min left in this row
    [dpy] chunk 47/390 (731 LOC) done in 2.3s - ~13.4min left in this row
    [dpy] chunk 48/390 (2271 LOC) done in 2.3s - ~13.3min left in this row
    [dpy] chunk 49/390 (638 LOC) done in 2.2s - ~13.3min left in this row
    [dpy] chunk 50/390 (957 LOC) done in 2.2s - ~13.2min left in this row
    [dpy] chunk 51/390 (635 LOC) done in 2.1s - ~13.2min left in this row
    [dpy] chunk 52/390 (962 LOC) done in 2.2s - ~13.1min left in this row
    [dpy] chunk 53/390 (262 LOC) done in 2.2s - ~13.0min left in this row
    [dpy] chunk 54/390 (320 LOC) done in 2.1s - ~13.0min left in this row
    [dpy] chunk 55/390 (1289 LOC) done in 2.2s - ~12.9min left in this row
    [dpy] chunk 56/390 (240 LOC) done in 2.1s - ~12.9min left in this row
    [dpy] chunk 57/390 (14 LOC) done in 2.1s - ~12.8min left in this row
    [dpy] chunk 58/390 (698 LOC) done in 2.3s - ~12.8min left in this row
    [dpy] chunk 59/390 (1846 LOC) done in 2.3s - ~12.7min left in this row
    [dpy] chunk 60/390 (2324 LOC) done in 2.3s - ~12.7min left in this row
    [dpy] chunk 61/390 (1034 LOC) done in 2.2s - ~12.7min left in this row
    [dpy] chunk 62/390 (569 LOC) done in 2.2s - ~12.6min left in this row
    [dpy] chunk 63/390 (330 LOC) done in 2.1s - ~12.6min left in this row
    [dpy] chunk 64/390 (1693 LOC) done in 2.4s - ~12.5min left in this row
    [dpy] chunk 65/390 (472 LOC) done in 2.2s - ~12.5min left in this row
    [dpy] chunk 66/390 (2583 LOC) done in 2.4s - ~12.4min left in this row
    [dpy] chunk 67/390 (326 LOC) done in 2.1s - ~12.4min left in this row
    [dpy] chunk 68/390 (514 LOC) done in 2.1s - ~12.3min left in this row
    [dpy] chunk 69/390 (289 LOC) done in 2.1s - ~12.3min left in this row
    [dpy] chunk 70/390 (323 LOC) done in 2.2s - ~12.2min left in this row
    [dpy] chunk 71/390 (649 LOC) done in 2.4s - ~12.2min left in this row
    [dpy] chunk 72/390 (954 LOC) done in 2.4s - ~12.2min left in this row
    [dpy] chunk 73/390 (249 LOC) done in 2.8s - ~12.2min left in this row
    [dpy] chunk 74/390 (20 LOC) done in 2.6s - ~12.1min left in this row
    [dpy] chunk 75/390 (863 LOC) done in 2.5s - ~12.1min left in this row
    [dpy] chunk 76/390 (20 LOC) done in 2.2s - ~12.1min left in this row
    [dpy] chunk 77/390 (20 LOC) done in 2.4s - ~12.0min left in this row
    [dpy] chunk 78/390 (18 LOC) done in 2.3s - ~12.0min left in this row
    [dpy] chunk 79/390 (289 LOC) done in 2.4s - ~12.0min left in this row
    [dpy] chunk 80/390 (3285 LOC) done in 2.8s - ~12.0min left in this row
    [dpy] chunk 81/390 (3189 LOC) done in 2.7s - ~12.0min left in this row
    [dpy] chunk 82/390 (210 LOC) done in 2.2s - ~11.9min left in this row
    [dpy] chunk 83/390 (345 LOC) done in 2.3s - ~11.9min left in this row
    [dpy] chunk 84/390 (45 LOC) done in 2.4s - ~11.8min left in this row
    [dpy] chunk 85/390 (17 LOC) done in 2.4s - ~11.8min left in this row
    [dpy] chunk 86/390 (20 LOC) done in 2.3s - ~11.8min left in this row
    [dpy] chunk 87/390 (1052 LOC) done in 2.3s - ~11.7min left in this row
    [dpy] chunk 88/390 (354 LOC) done in 2.6s - ~11.7min left in this row
    [dpy] chunk 89/390 (18 LOC) done in 2.3s - ~11.7min left in this row
    [dpy] chunk 90/390 (17 LOC) done in 2.6s - ~11.6min left in this row
    [dpy] chunk 91/390 (154 LOC) done in 2.5s - ~11.6min left in this row
    [dpy] chunk 92/390 (134 LOC) done in 2.2s - ~11.6min left in this row
    [dpy] chunk 93/390 (1062 LOC) done in 2.2s - ~11.5min left in this row
    [dpy] chunk 94/390 (548 LOC) done in 2.2s - ~11.5min left in this row
    [dpy] chunk 95/390 (20 LOC) done in 2.3s - ~11.4min left in this row
    [dpy] chunk 96/390 (77 LOC) done in 2.1s - ~11.4min left in this row
    [dpy] chunk 97/390 (49 LOC) done in 2.1s - ~11.3min left in this row
    [dpy] chunk 98/390 (17 LOC) done in 2.1s - ~11.3min left in this row
    [dpy] chunk 99/390 (4829 LOC) done in 2.8s - ~11.3min left in this row
    [dpy] chunk 100/390 (873 LOC) done in 2.3s - ~11.2min left in this row
    [dpy] chunk 101/390 (871 LOC) done in 2.6s - ~11.2min left in this row
    [dpy] chunk 102/390 (195 LOC) done in 2.0s - ~11.2min left in this row
    [dpy] chunk 103/390 (18 LOC) done in 2.7s - ~11.1min left in this row
    [dpy] chunk 104/390 (20 LOC) done in 3.1s - ~11.1min left in this row
    [dpy] chunk 105/390 (18 LOC) done in 3.8s - ~11.2min left in this row
    [dpy] chunk 106/390 (418 LOC) done in 4.2s - ~11.2min left in this row
    [dpy] chunk 107/390 (4706 LOC) done in 3.5s - ~11.2min left in this row
    [dpy] chunk 108/390 (20 LOC) done in 3.6s - ~11.2min left in this row
    [dpy] chunk 109/390 (18 LOC) done in 2.5s - ~11.2min left in this row
    [dpy] chunk 110/390 (18 LOC) done in 2.3s - ~11.2min left in this row
    [dpy] chunk 111/390 (17 LOC) done in 4.3s - ~11.2min left in this row
    [dpy] chunk 112/390 (20 LOC) done in 4.7s - ~11.3min left in this row
    [dpy] chunk 113/390 (20 LOC) done in 3.3s - ~11.2min left in this row
    [dpy] chunk 114/390 (15 LOC) done in 4.5s - ~11.3min left in this row
    [dpy] chunk 115/390 (17 LOC) done in 3.7s - ~11.3min left in this row
    [dpy] chunk 116/390 (20 LOC) done in 3.2s - ~11.3min left in this row
    [dpy] chunk 117/390 (18 LOC) done in 2.5s - ~11.2min left in this row
    [dpy] chunk 118/390 (20 LOC) done in 2.1s - ~11.2min left in this row
    [dpy] chunk 119/390 (20 LOC) done in 2.1s - ~11.1min left in this row
    [dpy] chunk 120/390 (411 LOC) done in 2.6s - ~11.1min left in this row
    [dpy] chunk 121/390 (115 LOC) done in 2.4s - ~11.1min left in this row
    [dpy] chunk 122/390 (20 LOC) done in 2.4s - ~11.0min left in this row
    [dpy] chunk 123/390 (20 LOC) done in 3.2s - ~11.0min left in this row
    [dpy] chunk 124/390 (20 LOC) done in 2.2s - ~10.9min left in this row
    [dpy] chunk 125/390 (671 LOC) done in 2.2s - ~10.9min left in this row
    [dpy] chunk 126/390 (18 LOC) done in 2.5s - ~10.9min left in this row
    [dpy] chunk 127/390 (476 LOC) done in 2.3s - ~10.8min left in this row
    [dpy] chunk 128/390 (20 LOC) done in 2.1s - ~10.8min left in this row
    [dpy] chunk 129/390 (20 LOC) done in 2.3s - ~10.7min left in this row
    [dpy] chunk 130/390 (18 LOC) done in 2.5s - ~10.7min left in this row
    [dpy] chunk 131/390 (17 LOC) done in 3.0s - ~10.6min left in this row
    [dpy] chunk 132/390 (17 LOC) done in 2.2s - ~10.6min left in this row
    [dpy] chunk 133/390 (20 LOC) done in 2.2s - ~10.5min left in this row
    [dpy] chunk 134/390 (20 LOC) done in 2.1s - ~10.5min left in this row
    [dpy] chunk 135/390 (20 LOC) done in 2.1s - ~10.4min left in this row
    [dpy] chunk 136/390 (17 LOC) done in 2.1s - ~10.4min left in this row
    [dpy] chunk 137/390 (17 LOC) done in 2.1s - ~10.3min left in this row
    [dpy] chunk 138/390 (18 LOC) done in 2.2s - ~10.3min left in this row
    [dpy] chunk 139/390 (20 LOC) done in 2.6s - ~10.3min left in this row
    [dpy] chunk 140/390 (18 LOC) done in 3.4s - ~10.2min left in this row
    [dpy] chunk 141/390 (86 LOC) done in 2.5s - ~10.2min left in this row
    [dpy] chunk 142/390 (3639 LOC) done in 3.6s - ~10.2min left in this row
    [dpy] chunk 143/390 (5974 LOC) done in 2.7s - ~10.2min left in this row
    [dpy] chunk 144/390 (10 LOC) done in 2.2s - ~10.1min left in this row
    [dpy] chunk 145/390 (747 LOC) done in 2.2s - ~10.1min left in this row
    [dpy] chunk 146/390 (787 LOC) done in 2.3s - ~10.0min left in this row
    [dpy] chunk 147/390 (39 LOC) done in 2.1s - ~10.0min left in this row
    [dpy] chunk 148/390 (2508 LOC) done in 2.4s - ~9.9min left in this row
    [dpy] chunk 149/390 (2235 LOC) done in 2.3s - ~9.9min left in this row
    [dpy] chunk 150/390 (393 LOC) done in 2.2s - ~9.8min left in this row
    [dpy] chunk 151/390 (934 LOC) done in 2.2s - ~9.8min left in this row
    [dpy] chunk 152/390 (20 LOC) done in 2.1s - ~9.7min left in this row
    [dpy] chunk 153/390 (20 LOC) done in 2.1s - ~9.7min left in this row
    [dpy] chunk 154/390 (114 LOC) done in 2.2s - ~9.6min left in this row
    [dpy] chunk 155/390 (181 LOC) done in 2.1s - ~9.6min left in this row
    [dpy] chunk 156/390 (26 LOC) done in 2.1s - ~9.5min left in this row
    [dpy] chunk 157/390 (20 LOC) done in 2.1s - ~9.5min left in this row
    [dpy] chunk 158/390 (20 LOC) done in 2.1s - ~9.4min left in this row
    [dpy] chunk 159/390 (20 LOC) done in 2.2s - ~9.4min left in this row
    [dpy] chunk 160/390 (1496 LOC) done in 2.2s - ~9.3min left in this row
    [dpy] chunk 161/390 (503 LOC) done in 2.1s - ~9.3min left in this row
    [dpy] chunk 162/390 (20 LOC) done in 2.3s - ~9.3min left in this row
    [dpy] chunk 163/390 (175 LOC) done in 2.2s - ~9.2min left in this row
    [dpy] chunk 164/390 (17 LOC) done in 2.2s - ~9.2min left in this row
    [dpy] chunk 165/390 (319 LOC) done in 2.1s - ~9.1min left in this row
    [dpy] chunk 166/390 (41035 LOC) done in 3.6s - ~9.1min left in this row
    [dpy] chunk 167/390 (2611 LOC) done in 2.4s - ~9.1min left in this row
    [dpy] chunk 168/390 (2644 LOC) done in 2.3s - ~9.0min left in this row
    [dpy] chunk 169/390 (9 LOC) done in 2.1s - ~9.0min left in this row
    [dpy] chunk 170/390 (626 LOC) done in 2.3s - ~8.9min left in this row
    [dpy] chunk 171/390 (20 LOC) done in 2.1s - ~8.9min left in this row
    [dpy] chunk 172/390 (48 LOC) done in 2.1s - ~8.8min left in this row
    [dpy] chunk 173/390 (20 LOC) done in 2.1s - ~8.8min left in this row
    [dpy] chunk 174/390 (20 LOC) done in 2.2s - ~8.7min left in this row
    [dpy] chunk 175/390 (20 LOC) done in 2.3s - ~8.7min left in this row
    [dpy] chunk 176/390 (6696 LOC) done in 2.8s - ~8.7min left in this row
    [dpy] chunk 177/390 (476 LOC) done in 2.2s - ~8.6min left in this row
    [dpy] chunk 178/390 (1332 LOC) done in 2.2s - ~8.6min left in this row
    [dpy] chunk 179/390 (151 LOC) done in 2.1s - ~8.5min left in this row
    [dpy] chunk 180/390 (263 LOC) done in 2.3s - ~8.5min left in this row
    [dpy] chunk 181/390 (2013 LOC) done in 2.4s - ~8.4min left in this row
    [dpy] chunk 182/390 (18 LOC) done in 2.3s - ~8.4min left in this row
    [dpy] chunk 183/390 (5101 LOC) done in 2.7s - ~8.4min left in this row
    [dpy] chunk 184/390 (2991 LOC) done in 2.7s - ~8.3min left in this row
    [dpy] chunk 185/390 (20 LOC) done in 2.3s - ~8.3min left in this row
    [dpy] chunk 186/390 (83 LOC) done in 2.4s - ~8.2min left in this row
    [dpy] chunk 187/390 (415 LOC) done in 2.6s - ~8.2min left in this row
    [dpy] chunk 188/390 (18 LOC) done in 2.7s - ~8.2min left in this row
    [dpy] chunk 189/390 (226 LOC) done in 2.4s - ~8.1min left in this row
    [dpy] chunk 190/390 (20 LOC) done in 2.3s - ~8.1min left in this row
    [dpy] chunk 191/390 (7688 LOC) done in 3.7s - ~8.1min left in this row
    [dpy] chunk 192/390 (20 LOC) done in 2.2s - ~8.0min left in this row
    [dpy] chunk 193/390 (20 LOC) done in 2.2s - ~8.0min left in this row
    [dpy] chunk 194/390 (4314 LOC) done in 2.5s - ~7.9min left in this row
    [dpy] chunk 195/390 (20 LOC) done in 2.1s - ~7.9min left in this row
    [dpy] chunk 196/390 (3499 LOC) done in 2.4s - ~7.9min left in this row
    [dpy] chunk 197/390 (208 LOC) done in 2.2s - ~7.8min left in this row
    [dpy] chunk 198/390 (380 LOC) done in 2.2s - ~7.8min left in this row
    [dpy] chunk 199/390 (20 LOC) done in 2.2s - ~7.7min left in this row
    [dpy] chunk 200/390 (20 LOC) done in 2.1s - ~7.7min left in this row
    [dpy] chunk 201/390 (1798 LOC) done in 2.3s - ~7.6min left in this row
    [dpy] chunk 202/390 (224 LOC) done in 2.2s - ~7.6min left in this row
    [dpy] chunk 203/390 (558 LOC) done in 2.2s - ~7.6min left in this row
    [dpy] chunk 204/390 (7866 LOC) done in 2.9s - ~7.5min left in this row
    [dpy] chunk 205/390 (3516 LOC) done in 2.5s - ~7.5min left in this row
    [dpy] chunk 206/390 (1584 LOC) done in 2.2s - ~7.4min left in this row
    [dpy] chunk 207/390 (107 LOC) done in 2.1s - ~7.4min left in this row
    [dpy] chunk 208/390 (20 LOC) done in 2.2s - ~7.3min left in this row
    [dpy] chunk 209/390 (17 LOC) done in 2.1s - ~7.3min left in this row
    [dpy] chunk 210/390 (20 LOC) done in 2.1s - ~7.3min left in this row
    [dpy] chunk 211/390 (18 LOC) done in 2.1s - ~7.2min left in this row
    [dpy] chunk 212/390 (7283 LOC) done in 2.8s - ~7.2min left in this row
    [dpy] chunk 213/390 (861 LOC) done in 2.3s - ~7.1min left in this row
    [dpy] chunk 214/390 (672 LOC) done in 2.3s - ~7.1min left in this row
    [dpy] chunk 215/390 (20 LOC) done in 2.1s - ~7.1min left in this row
    [dpy] chunk 216/390 (20 LOC) done in 2.1s - ~7.0min left in this row
    [dpy] chunk 217/390 (20 LOC) done in 2.2s - ~7.0min left in this row
    [dpy] chunk 218/390 (7228 LOC) done in 2.8s - ~6.9min left in this row
    [dpy] chunk 219/390 (17 LOC) done in 2.9s - ~6.9min left in this row
    [dpy] chunk 220/390 (949 LOC) done in 5.0s - ~6.9min left in this row
    [dpy] chunk 221/390 (18 LOC) done in 5.7s - ~6.9min left in this row
    [dpy] chunk 222/390 (133 LOC) done in 2.9s - ~6.9min left in this row
    [dpy] chunk 223/390 (522 LOC) done in 2.3s - ~6.8min left in this row
    [dpy] chunk 224/390 (20 LOC) done in 2.9s - ~6.8min left in this row
    [dpy] chunk 225/390 (20 LOC) done in 2.9s - ~6.7min left in this row
    [dpy] chunk 226/390 (17 LOC) done in 2.3s - ~6.7min left in this row
    [dpy] chunk 227/390 (20 LOC) done in 2.3s - ~6.7min left in this row
    [dpy] chunk 228/390 (20 LOC) done in 2.2s - ~6.6min left in this row
    [dpy] chunk 229/390 (1302 LOC) done in 2.5s - ~6.6min left in this row
    [dpy] chunk 230/390 (20 LOC) done in 2.2s - ~6.5min left in this row
    [dpy] chunk 231/390 (15 LOC) done in 2.4s - ~6.5min left in this row
    [dpy] chunk 232/390 (758 LOC) done in 2.3s - ~6.4min left in this row
    [dpy] chunk 233/390 (23 LOC) done in 2.2s - ~6.4min left in this row
    [dpy] chunk 234/390 (836 LOC) done in 2.2s - ~6.4min left in this row
    [dpy] chunk 235/390 (2238 LOC) done in 2.4s - ~6.3min left in this row
    [dpy] chunk 236/390 (20 LOC) done in 2.2s - ~6.3min left in this row
    [dpy] chunk 237/390 (2725 LOC) done in 2.6s - ~6.2min left in this row
    [dpy] chunk 238/390 (1627 LOC) done in 2.3s - ~6.2min left in this row
    [dpy] chunk 239/390 (17 LOC) done in 2.3s - ~6.1min left in this row
    [dpy] chunk 240/390 (107 LOC) done in 2.2s - ~6.1min left in this row
    [dpy] chunk 241/390 (230 LOC) done in 2.1s - ~6.1min left in this row
    [dpy] chunk 242/390 (20 LOC) done in 2.3s - ~6.0min left in this row
    [dpy] chunk 243/390 (20 LOC) done in 2.2s - ~6.0min left in this row
    [dpy] chunk 244/390 (585 LOC) done in 2.4s - ~5.9min left in this row
    [dpy] chunk 245/390 (20 LOC) done in 2.1s - ~5.9min left in this row
    [dpy] chunk 246/390 (18 LOC) done in 2.2s - ~5.8min left in this row
    [dpy] chunk 247/390 (234 LOC) done in 2.2s - ~5.8min left in this row
    [dpy] chunk 248/390 (527 LOC) done in 2.2s - ~5.8min left in this row
    [dpy] chunk 249/390 (20 LOC) done in 2.4s - ~5.7min left in this row
    [dpy] chunk 250/390 (1070 LOC) done in 2.2s - ~5.7min left in this row
    [dpy] chunk 251/390 (20 LOC) done in 2.3s - ~5.6min left in this row
    [dpy] chunk 252/390 (18 LOC) done in 2.2s - ~5.6min left in this row
    [dpy] chunk 253/390 (20 LOC) done in 2.3s - ~5.6min left in this row
    [dpy] chunk 254/390 (20 LOC) done in 2.2s - ~5.5min left in this row
    [dpy] chunk 255/390 (15 LOC) done in 2.2s - ~5.5min left in this row
    [dpy] chunk 256/390 (17 LOC) done in 2.1s - ~5.4min left in this row
    [dpy] chunk 257/390 (135 LOC) done in 2.6s - ~5.4min left in this row
    [dpy] chunk 258/390 (18 LOC) done in 2.9s - ~5.4min left in this row
    [dpy] chunk 259/390 (1513 LOC) done in 2.7s - ~5.3min left in this row
    [dpy] chunk 260/390 (54 LOC) done in 2.4s - ~5.3min left in this row
    [dpy] chunk 261/390 (20 LOC) done in 2.2s - ~5.2min left in this row
    [dpy] chunk 262/390 (20 LOC) done in 2.1s - ~5.2min left in this row
    [dpy] chunk 263/390 (20 LOC) done in 2.2s - ~5.1min left in this row
    [dpy] chunk 264/390 (1079 LOC) done in 2.3s - ~5.1min left in this row
    [dpy] chunk 265/390 (18 LOC) done in 2.6s - ~5.1min left in this row
    [dpy] chunk 266/390 (20 LOC) done in 2.7s - ~5.0min left in this row
    [dpy] chunk 267/390 (20 LOC) done in 2.2s - ~5.0min left in this row
    [dpy] chunk 268/390 (20 LOC) done in 2.1s - ~4.9min left in this row
    [dpy] chunk 269/390 (681 LOC) done in 2.1s - ~4.9min left in this row
    [dpy] chunk 270/390 (76 LOC) done in 2.1s - ~4.9min left in this row
    [dpy] chunk 271/390 (20 LOC) done in 2.3s - ~4.8min left in this row
    [dpy] chunk 272/390 (18 LOC) done in 2.3s - ~4.8min left in this row
    [dpy] chunk 273/390 (18 LOC) done in 2.8s - ~4.7min left in this row
    [dpy] chunk 274/390 (55 LOC) done in 2.2s - ~4.7min left in this row
    [dpy] chunk 275/390 (20 LOC) done in 2.1s - ~4.6min left in this row
    [dpy] chunk 276/390 (20 LOC) done in 2.1s - ~4.6min left in this row
    [dpy] chunk 277/390 (316 LOC) done in 2.2s - ~4.6min left in this row
    [dpy] chunk 278/390 (366 LOC) done in 2.7s - ~4.5min left in this row
    [dpy] chunk 279/390 (20 LOC) done in 3.2s - ~4.5min left in this row
    [dpy] chunk 280/390 (194 LOC) done in 2.2s - ~4.4min left in this row
    [dpy] chunk 281/390 (20 LOC) done in 2.3s - ~4.4min left in this row
    [dpy] chunk 282/390 (88 LOC) done in 2.1s - ~4.4min left in this row
    [dpy] chunk 283/390 (18 LOC) done in 2.1s - ~4.3min left in this row
    [dpy] chunk 284/390 (185 LOC) done in 2.2s - ~4.3min left in this row
    [dpy] chunk 285/390 (20 LOC) done in 2.4s - ~4.2min left in this row
    [dpy] chunk 286/390 (53 LOC) done in 2.5s - ~4.2min left in this row
    [dpy] chunk 287/390 (20 LOC) done in 2.1s - ~4.2min left in this row
    [dpy] chunk 288/390 (147 LOC) done in 2.2s - ~4.1min left in this row
    [dpy] chunk 289/390 (18 LOC) done in 2.1s - ~4.1min left in this row
    [dpy] chunk 290/390 (1444 LOC) done in 2.3s - ~4.0min left in this row
    [dpy] chunk 291/390 (20 LOC) done in 2.2s - ~4.0min left in this row
    [dpy] chunk 292/390 (18 LOC) done in 2.6s - ~4.0min left in this row
    [dpy] chunk 293/390 (31 LOC) done in 2.8s - ~3.9min left in this row
    [dpy] chunk 294/390 (17 LOC) done in 2.1s - ~3.9min left in this row
  [FAIL] (51/437) airbytehq/airbyte A1 2026-03-01 @c27d1755: [WinError 4551] An Application Control policy has blocked this file
  [row] (52/437) starting airbytehq/airbyte A2 2024-01-21 @b374a9cb
    [dpy] WARNING: 2 chunk(s) still over 8000 LOC and can't be split further (no subdirectories) - DPy will skip CSV export for these: ['C:\\Users\\kvrlv\\AppData\\Local\\Temp\\dpy_chunks_75wey6xe\\loose__root__airbyte-integrations__connectors__source-github__source_github__loose1', 'C:\\Users\\kvrlv\\AppData\\Local\\Temp\\dpy_chunks_75wey6xe\\loose__root__airbyte-integrations__connectors__source-shopify__source_shopify__loose1']
    [dpy] 437 chunk(s) planned, 375096 total LOC
  [FAIL] (52/437) airbytehq/airbyte A2 2024-01-21 @b374a9cb: [WinError 4551] An Application Control policy has blocked this file
  [row] (53/437) starting airbytehq/airbyte A2 2024-02-21 @c9b7d8ac
